Archive member included to satisfy reference by file (symbol)

C:/ST/STM32CubeIDE_1.12.1/STM32CubeIDE/plugins/com.st.stm32cube.ide.mcu.externaltools.gnu-tools-for-stm32.13.3.rel1.win32_1.0.0.202411081344/tools/bin/../lib/gcc/arm-none-eabi/13.3.1/../../../../arm-none-eabi/lib/thumb/v7e-m+fp/hard\libc_nano.a(libc_a-exit.o)
                              C:/ST/STM32CubeIDE_1.12.1/STM32CubeIDE/plugins/com.st.stm32cube.ide.mcu.externaltools.gnu-tools-for-stm32.13.3.rel1.win32_1.0.0.202411081344/tools/bin/../lib/gcc/arm-none-eabi/13.3.1/../../../../arm-none-eabi/lib/thumb/v7e-m+fp/hard/crt0.o (exit)
C:/ST/STM32CubeIDE_1.12.1/STM32CubeIDE/plugins/com.st.stm32cube.ide.mcu.externaltools.gnu-tools-for-stm32.13.3.rel1.win32_1.0.0.202411081344/tools/bin/../lib/gcc/arm-none-eabi/13.3.1/../../../../arm-none-eabi/lib/thumb/v7e-m+fp/hard\libc_nano.a(libc_a-findfp.o)
                              C:/ST/STM32CubeIDE_1.12.1/STM32CubeIDE/plugins/com.st.stm32cube.ide.mcu.externaltools.gnu-tools-for-stm32.13.3.rel1.win32_1.0.0.202411081344/tools/bin/../lib/gcc/arm-none-eabi/13.3.1/../../../../arm-none-eabi/lib/thumb/v7e-m+fp/hard\libc_nano.a(libc_a-exit.o) (__stdio_exit_handler)
C:/ST/STM32CubeIDE_1.12.1/STM32CubeIDE/plugins/com.st.stm32cube.ide.mcu.externaltools.gnu-tools-for-stm32.13.3.rel1.win32_1.0.0.202411081344/tools/bin/../lib/gcc/arm-none-eabi/13.3.1/../../../../arm-none-eabi/lib/thumb/v7e-m+fp/hard\libc_nano.a(libc_a-fwalk.o)
                              C:/ST/STM32CubeIDE_1.12.1/STM32CubeIDE/plugins/com.st.stm32cube.ide.mcu.externaltools.gnu-tools-for-stm32.13.3.rel1.win32_1.0.0.202411081344/tools/bin/../lib/gcc/arm-none-eabi/13.3.1/../../../../arm-none-eabi/lib/thumb/v7e-m+fp/hard\libc_nano.a(libc_a-findfp.o) (_fwalk_sglue)
C:/ST/STM32CubeIDE_1.12.1/STM32CubeIDE/plugins/com.st.stm32cube.ide.mcu.externaltools.gnu-tools-for-stm32.13.3.rel1.win32_1.0.0.202411081344/tools/bin/../lib/gcc/arm-none-eabi/13.3.1/../../../../arm-none-eabi/lib/thumb/v7e-m+fp/hard\libc_nano.a(libc_a-snprintf.o)
                              ./Core/Src/mgui.o (snprintf)
C:/ST/STM32CubeIDE_1.12.1/STM32CubeIDE/plugins/com.st.stm32cube.ide.mcu.externaltools.gnu-tools-for-stm32.13.3.rel1.win32_1.0.0.202411081344/tools/bin/../lib/gcc/arm-none-eabi/13.3.1/../../../../arm-none-eabi/lib/thumb/v7e-m+fp/hard\libc_nano.a(libc_a-sprintf.o)
                              ./Core/Src/menu.o (sprintf)
C:/ST/STM32CubeIDE_1.12.1/STM32CubeIDE/plugins/com.st.stm32cube.ide.mcu.externaltools.gnu-tools-for-stm32.13.3.rel1.win32_1.0.0.202411081344/tools/bin/../lib/gcc/arm-none-eabi/13.3.1/../../../../arm-none-eabi/lib/thumb/v7e-m+fp/hard\libc_nano.a(libc_a-stdio.o)
                              C:/ST/STM32CubeIDE_1.12.1/STM32CubeIDE/plugins/com.st.stm32cube.ide.mcu.externaltools.gnu-tools-for-stm32.13.3.rel1.win32_1.0.0.202411081344/tools/bin/../lib/gcc/arm-none-eabi/13.3.1/../../../../arm-none-eabi/lib/thumb/v7e-m+fp/hard\libc_nano.a(libc_a-findfp.o) (__sread)
C:/ST/STM32CubeIDE_1.12.1/STM32CubeIDE/plugins/com.st.stm32cube.ide.mcu.externaltools.gnu-tools-for-stm32.13.3.rel1.win32_1.0.0.202411081344/tools/bin/../lib/gcc/arm-none-eabi/13.3.1/../../../../arm-none-eabi/lib/thumb/v7e-m+fp/hard\libc_nano.a(libc_a-memset.o)
                              C:/ST/STM32CubeIDE_1.12.1/STM32CubeIDE/plugins/com.st.stm32cube.ide.mcu.externaltools.gnu-tools-for-stm32.13.3.rel1.win32_1.0.0.202411081344/tools/bin/../lib/gcc/arm-none-eabi/13.3.1/../../../../arm-none-eabi/lib/thumb/v7e-m+fp/hard/crt0.o (memset)
C:/ST/STM32CubeIDE_1.12.1/STM32CubeIDE/plugins/com.st.stm32cube.ide.mcu.externaltools.gnu-tools-for-stm32.13.3.rel1.win32_1.0.0.202411081344/tools/bin/../lib/gcc/arm-none-eabi/13.3.1/../../../../arm-none-eabi/lib/thumb/v7e-m+fp/hard\libc_nano.a(libc_a-strncpy.o)
                              ./Core/Src/values.o (strncpy)
C:/ST/STM32CubeIDE_1.12.1/STM32CubeIDE/plugins/com.st.stm32cube.ide.mcu.externaltools.gnu-tools-for-stm32.13.3.rel1.win32_1.0.0.202411081344/tools/bin/../lib/gcc/arm-none-eabi/13.3.1/../../../../arm-none-eabi/lib/thumb/v7e-m+fp/hard\libc_nano.a(libc_a-closer.o)
                              C:/ST/STM32CubeIDE_1.12.1/STM32CubeIDE/plugins/com.st.stm32cube.ide.mcu.externaltools.gnu-tools-for-stm32.13.3.rel1.win32_1.0.0.202411081344/tools/bin/../lib/gcc/arm-none-eabi/13.3.1/../../../../arm-none-eabi/lib/thumb/v7e-m+fp/hard\libc_nano.a(libc_a-stdio.o) (_close_r)
C:/ST/STM32CubeIDE_1.12.1/STM32CubeIDE/plugins/com.st.stm32cube.ide.mcu.externaltools.gnu-tools-for-stm32.13.3.rel1.win32_1.0.0.202411081344/tools/bin/../lib/gcc/arm-none-eabi/13.3.1/../../../../arm-none-eabi/lib/thumb/v7e-m+fp/hard\libc_nano.a(libc_a-reent.o)
                              C:/ST/STM32CubeIDE_1.12.1/STM32CubeIDE/plugins/com.st.stm32cube.ide.mcu.externaltools.gnu-tools-for-stm32.13.3.rel1.win32_1.0.0.202411081344/tools/bin/../lib/gcc/arm-none-eabi/13.3.1/../../../../arm-none-eabi/lib/thumb/v7e-m+fp/hard\libc_nano.a(libc_a-closer.o) (errno)
[...]
Memory Configuration

Name             Origin             Length             Attributes
CCMRAM           0x10000000         0x00010000         xrw
RAM              0x20000000         0x00020000         xrw
FLASH            0x08000000         0x00080000         xr
*default*        0x00000000         0xffffffff

Linker script and memory map

LOAD C:/ST/STM32CubeIDE_1.12.1/STM32CubeIDE/plugins/com.st.stm32cube.ide.mcu.externaltools.gnu-tools-for-stm32.13.3.rel1.win32_1.0.0.202411081344/tools/bin/../lib/gcc/arm-none-eabi/13.3.1/thumb/v7e-m+fp/hard/crti.o
LOAD C:/ST/STM32CubeIDE_1.12.1/STM32CubeIDE/plugins/com.st.stm32cube.ide.mcu.externaltools.gnu-tools-for-stm32.13.3.rel1.win32_1.0.0.202411081344/tools/bin/../lib/gcc/arm-none-eabi/13.3.1/thumb/v7e-m+fp/hard/crtbegin.o
LOAD C:/ST/STM32CubeIDE_1.12.1/STM32CubeIDE/plugins/com.st.stm32cube.ide.mcu.externaltools.gnu-tools-for-stm32.13.3.rel1.win32_1.0.0.202411081344/tools/bin/../lib/gcc/arm-none-eabi/13.3.1/../../../../arm-none-eabi/lib/thumb/v7e-m+fp/hard/crt0.o
LOAD ./Core/Src/adc.o
LOAD ./Core/Src/diagnosis.o
LOAD ./Core/Src/dogl128.o
LOAD ./Core/Src/eeprom.o
LOAD ./Core/Src/fonts.o
LOAD ./Core/Src/gpio.o
LOAD ./Core/Src/main.o
LOAD ./Core/Src/main2.o
LOAD ./Core/Src/menu.o
LOAD ./Core/Src/mgui.o
LOAD ./Core/Src/stm32f4xx_hal_msp.o
LOAD ./Core/Src/stm32f4xx_it.o
LOAD ./Core/Src/syscalls.o
LOAD ./Core/Src/sysmem.o
LOAD ./Core/Src/system_stm32f4xx.o
LOAD ./Core/Src/tca9534.o
LOAD ./Core/Src/values.o
LOAD ./Core/Src/vfd.o
LOAD ./Core/Startup/startup_stm32f407vetx.o
LOAD ./Drivers/STM32F4xx_HAL_Driver/Src/stm32f4xx_hal.o
LOAD ./Drivers/STM32F4xx_HAL_Driver/Src/stm32f4xx_hal_adc.o
LOAD ./Drivers/STM32F4xx_HAL_Driver/Src/stm32f4xx_hal_adc_ex.o
LOAD ./Drivers/STM32F4xx_HAL_Driver/Src/stm32f4xx_hal_cortex.o
LOAD ./Drivers/STM32F4xx_HAL_Driver/Src/stm32f4xx_hal_dma.o
LOAD ./Drivers/STM32F4xx_HAL_Driver/Src/stm32f4xx_hal_dma_ex.o
LOAD ./Drivers/STM32F4xx_HAL_Driver/Src/stm32f4xx_hal_exti.o
LOAD ./Drivers/STM32F4xx_HAL_Driver/Src/stm32f4xx_hal_flash.o
LOAD ./Drivers/STM32F4xx_HAL_Driver/Src/stm32f4xx_hal_flash_ex.o
LOAD ./Drivers/STM32F4xx_HAL_Driver/Src/stm32f4xx_hal_flash_ramfunc.o
LOAD ./Drivers/STM32F4xx_HAL_Driver/Src/stm32f4xx_hal_gpio.o
LOAD ./Drivers/STM32F4xx_HAL_Driver/Src/stm32f4xx_hal_i2c.o
LOAD ./Drivers/STM32F4xx_HAL_Driver/Src/stm32f4xx_hal_i2c_ex.o
LOAD ./Drivers/STM32F4xx_HAL_Driver/Src/stm32f4xx_hal_iwdg.o
LOAD ./Drivers/STM32F4xx_HAL_Driver/Src/stm32f4xx_hal_pwr.o
LOAD ./Drivers/STM32F4xx_HAL_Driver/Src/stm32f4xx_hal_pwr_ex.o
LOAD ./Drivers/STM32F4xx_HAL_Driver/Src/stm32f4xx_hal_rcc.o
LOAD ./Drivers/STM32F4xx_HAL_Driver/Src/stm32f4xx_hal_rcc_ex.o
LOAD ./Drivers/STM32F4xx_HAL_Driver/Src/stm32f4xx_hal_spi.o
LOAD ./Drivers/STM32F4xx_HAL_Driver/Src/stm32f4xx_hal_tim.o
LOAD ./Drivers/STM32F4xx_HAL_Driver/Src/stm32f4xx_hal_tim_ex.o
LOAD ./Drivers/STM32F4xx_HAL_Driver/Src/stm32f4xx_hal_uart.o
LOAD ./Drivers/STM32F4xx_HAL_Driver/Src/stm32f4xx_ll_adc.o
START GROUP
LOAD C:/ST/STM32CubeIDE_1.12.1/STM32CubeIDE/plugins/com.st.stm32cube.ide.mcu.externaltools.gnu-tools-for-stm32.13.3.rel1.win32_1.0.0.202411081344/tools/bin/../lib/gcc/arm-none-eabi/13.3.1/../../../../arm-none-eabi/lib/thumb/v7e-m+fp/hard\libc_nano.a
LOAD C:/ST/STM32CubeIDE_1.12.1/STM32CubeIDE/plugins/com.st.stm32cube.ide.mcu.externaltools.gnu-tools-for-stm32.13.3.rel1.win32_1.0.0.202411081344/tools/bin/../lib/gcc/arm-none-eabi/13.3.1/../../../../arm-none-eabi/lib/thumb/v7e-m+fp/hard\libm.a
END GROUP
START GROUP
LOAD C:/ST/STM32CubeIDE_1.12.1/STM32CubeIDE/plugins/com.st.stm32cube.ide.mcu.externaltools.gnu-tools-for-stm32.13.3.rel1.win32_1.0.0.202411081344/tools/bin/../lib/gcc/arm-none-eabi/13.3.1/thumb/v7e-m+fp/hard\libgcc.a
LOAD C:/ST/STM32CubeIDE_1.12.1/STM32CubeIDE/plugins/com.st.stm32cube.ide.mcu.externaltools.gnu-tools-for-stm32.13.3.rel1.win32_1.0.0.202411081344/tools/bin/../lib/gcc/arm-none-eabi/13.3.1/../../../../arm-none-eabi/lib/thumb/v7e-m+fp/hard\libc_nano.a
END GROUP
START GROUP
LOAD C:/ST/STM32CubeIDE_1.12.1/STM32CubeIDE/plugins/com.st.stm32cube.ide.mcu.externaltools.gnu-tools-for-stm32.13.3.rel1.win32_1.0.0.202411081344/tools/bin/../lib/gcc/arm-none-eabi/13.3.1/thumb/v7e-m+fp/hard\libgcc.a
LOAD C:/ST/STM32CubeIDE_1.12.1/STM32CubeIDE/plugins/com.st.stm32cube.ide.mcu.externaltools.gnu-tools-for-stm32.13.3.rel1.win32_1.0.0.202411081344/tools/bin/../lib/gcc/arm-none-eabi/13.3.1/../../../../arm-none-eabi/lib/thumb/v7e-m+fp/hard\libc_nano.a
LOAD C:/ST/STM32CubeIDE_1.12.1/STM32CubeIDE/plugins/com.st.stm32cube.ide.mcu.externaltools.gnu-tools-for-stm32.13.3.rel1.win32_1.0.0.202411081344/tools/bin/../lib/gcc/arm-none-eabi/13.3.1/../../../../arm-none-eabi/lib/thumb/v7e-m+fp/hard\libnosys.a
END GROUP
START GROUP
LOAD C:/ST/STM32CubeIDE_1.12.1/STM32CubeIDE/plugins/com.st.stm32cube.ide.mcu.externaltools.gnu-tools-for-stm32.13.3.rel1.win32_1.0.0.202411081344/tools/bin/../lib/gcc/arm-none-eabi/13.3.1/thumb/v7e-m+fp/hard\libgcc.a
LOAD C:/ST/STM32CubeIDE_1.12.1/STM32CubeIDE/plugins/com.st.stm32cube.ide.mcu.externaltools.gnu-tools-for-stm32.13.3.rel1.win32_1.0.0.202411081344/tools/bin/../lib/gcc/arm-none-eabi/13.3.1/../../../../arm-none-eabi/lib/thumb/v7e-m+fp/hard\libc_nano.a
LOAD C:/ST/STM32CubeIDE_1.12.1/STM32CubeIDE/plugins/com.st.stm32cube.ide.mcu.externaltools.gnu-tools-for-stm32.13.3.rel1.win32_1.0.0.202411081344/tools/bin/../lib/gcc/arm-none-eabi/13.3.1/../../../../arm-none-eabi/lib/thumb/v7e-m+fp/hard\libnosys.a
END GROUP
LOAD C:/ST/STM32CubeIDE_1.12.1/STM32CubeIDE/plugins/com.st.stm32cube.ide.mcu.externaltools.gnu-tools-for-stm32.13.3.rel1.win32_1.0.0.202411081344/tools/bin/../lib/gcc/arm-none-eabi/13.3.1/thumb/v7e-m+fp/hard/crtend.o
LOAD C:/ST/STM32CubeIDE_1.12.1/STM32CubeIDE/plugins/com.st.stm32cube.ide.mcu.externaltools.gnu-tools-for-stm32.13.3.rel1.win32_1.0.0.202411081344/tools/bin/../lib/gcc/arm-none-eabi/13.3.1/thumb/v7e-m+fp/hard/crtn.o
                0x20020000                        _estack = (ORIGIN (RAM) + LENGTH (RAM))
                0x00000200                        _Min_Heap_Size = 0x200
                0x00000400                        _Min_Stack_Size = 0x400

.isr_vector     0x08000000      0x188
                0x08000000                        . = ALIGN (0x4)
 *(.isr_vector)
 .isr_vector    0x08000000      0x188 ./Core/Startup/startup_stm32f407vetx.o
                0x08000000                g_pfnVectors
                0x08000188                        . = ALIGN (0x4)

.text           0x08000190     0xb0a0
                0x08000190                        . = ALIGN (0x4)
 *(.text)
 .text          0x08000190       0x40 C:/ST/STM32CubeIDE_1.12.1/STM32CubeIDE/plugins/com.st.stm32cube.ide.mcu.externaltools.gnu-tools-for-stm32.13.3.rel1.win32_1.0.0.202411081344/tools/bin/../lib/gcc/arm-none-eabi/13.3.1/thumb/v7e-m+fp/hard/crtbegin.o
 .text          0x080001d0       0xa0 C:/ST/STM32CubeIDE_1.12.1/STM32CubeIDE/plugins/com.st.stm32cube.ide.mcu.externaltools.gnu-tools-for-stm32.13.3.rel1.win32_1.0.0.202411081344/tools/bin/../lib/gcc/arm-none-eabi/13.3.1/../../../../arm-none-eabi/lib/thumb/v7e-m+fp/hard\libc_nano.a(libc_a-memchr.o)
                0x080001d0                memchr
 .text          0x08000270      0x378 C:/ST/STM32CubeIDE_1.12.1/STM32CubeIDE/plugins/com.st.stm32cube.ide.mcu.externaltools.gnu-tools-for-stm32.13.3.rel1.win32_1.0.0.202411081344/tools/bin/../lib/gcc/arm-none-eabi/13.3.1/thumb/v7e-m+fp/hard\libgcc.a(_arm_addsubdf3.o)
                0x08000270                __aeabi_drsub
                0x08000278                __aeabi_dsub
                0x08000278                __subdf3
                0x0800027c                __aeabi_dadd
                0x0800027c                __adddf3
                0x080004f4                __floatunsidf
                0x080004f4                __aeabi_ui2d
                0x08000514                __floatsidf
                0x08000514                __aeabi_i2d
                0x08000538                __aeabi_f2d
                0x08000538                __extendsfdf2
                0x0800057c                __floatundidf
                0x0800057c                __aeabi_ul2d
                0x0800058c                __floatdidf
                0x0800058c                __aeabi_l2d
 .text          0x080005e8      0x424 C:/ST/STM32CubeIDE_1.12.1/STM32CubeIDE/plugins/com.st.stm32cube.ide.mcu.externaltools.gnu-tools-for-stm32.13.3.rel1.win32_1.0.0.202411081344/tools/bin/../lib/gcc/arm-none-eabi/13.3.1/thumb/v7e-m+fp/hard\libgcc.a(_arm_muldivdf3.o)
                0x080005e8                __aeabi_dmul
                0x080005e8                __muldf3
                0x0800083c                __divdf3
                0x0800083c                __aeabi_ddiv
 .text          0x08000a0c      0x110 C:/ST/STM32CubeIDE_1.12.1/STM32CubeIDE/plugins/com.st.stm32cube.ide.mcu.externaltools.gnu-tools-for-stm32.13.3.rel1.win32_1.0.0.202411081344/tools/bin/../lib/gcc/arm-none-eabi/13.3.1/thumb/v7e-m+fp/hard\libgcc.a(_arm_cmpdf2.o)
                0x08000a0c                __gtdf2
                0x08000a0c                __gedf2
                0x08000a14                __ltdf2
                0x08000a14                __ledf2
                0x08000a1c                __nedf2
                0x08000a1c                __eqdf2
                0x08000a1c                __cmpdf2
                0x08000a98                __aeabi_cdrcmple
                0x08000aa8                __aeabi_cdcmpeq
                0x08000aa8                __aeabi_cdcmple
                0x08000ab8                __aeabi_dcmpeq
                0x08000acc                __aeabi_dcmplt
                0x08000ae0                __aeabi_dcmple
                0x08000af4                __aeabi_dcmpge
                0x08000b08                __aeabi_dcmpgt
 .text          0x08000b1c       0x50 C:/ST/STM32CubeIDE_1.12.1/STM32CubeIDE/plugins/com.st.stm32cube.ide.mcu.externaltools.gnu-tools-for-stm32.13.3.rel1.win32_1.0.0.202411081344/tools/bin/../lib/gcc/arm-none-eabi/13.3.1/thumb/v7e-m+fp/hard\libgcc.a(_arm_fixdfsi.o)
                0x08000b1c                __aeabi_d2iz
                0x08000b1c                __fixdfsi
 .text          0x08000b6c       0x40 C:/ST/STM32CubeIDE_1.12.1/STM32CubeIDE/plugins/com.st.stm32cube.ide.mcu.externaltools.gnu-tools-for-stm32.13.3.rel1.win32_1.0.0.202411081344/tools/bin/../lib/gcc/arm-none-eabi/13.3.1/thumb/v7e-m+fp/hard\libgcc.a(_arm_fixunsdfsi.o)
                0x08000b6c                __aeabi_d2uiz
                0x08000b6c                __fixunsdfsi
 .text          0x08000bac       0x30 C:/ST/STM32CubeIDE_1.12.1/STM32CubeIDE/plugins/com.st.stm32cube.ide.mcu.externaltools.gnu-tools-for-stm32.13.3.rel1.win32_1.0.0.202411081344/tools/bin/../lib/gcc/arm-none-eabi/13.3.1/thumb/v7e-m+fp/hard\libgcc.a(_aeabi_uldivmod.o)
                0x08000bac                __aeabi_uldivmod
 .text          0x08000bdc      0x2f8 C:/ST/STM32CubeIDE_1.12.1/STM32CubeIDE/plugins/com.st.stm32cube.ide.mcu.externaltools.gnu-tools-for-stm32.13.3.rel1.win32_1.0.0.202411081344/tools/bin/../lib/gcc/arm-none-eabi/13.3.1/thumb/v7e-m+fp/hard\libgcc.a(_udivmoddi4.o)
                0x08000bdc                __udivmoddi4
 .text          0x08000ed4        0x4 C:/ST/STM32CubeIDE_1.12.1/STM32CubeIDE/plugins/com.st.stm32cube.ide.mcu.externaltools.gnu-tools-for-stm32.13.3.rel1.win32_1.0.0.202411081344/tools/bin/../lib/gcc/arm-none-eabi/13.3.1/thumb/v7e-m+fp/hard\libgcc.a(_dvmd_tls.o)
                0x08000ed4                __aeabi_idiv0
                0x08000ed4                __aeabi_ldiv0
 *(.text*)
 .text.ADC_Init
                0x08000ed8       0x48 ./Core/Src/adc.o
                0x08000ed8                ADC_Init
 .text.ADC_Get_VREF
                0x08000f20       0x18 ./Core/Src/adc.o
                0x08000f20                ADC_Get_VREF
 .text.HAL_ADC_ConvCpltCallback
                0x08000f38       0x80 ./Core/Src/adc.o
                0x08000f38                HAL_ADC_ConvCpltCallback
 .text.Diag_Check_Reference
                0x08000fb8       0x30 ./Core/Src/diagnosis.o
                0x08000fb8                Diag_Check_Reference
 .text.DOGL128_Init
                0x08000fe8       0x48 ./Core/Src/dogl128.o
                0x08000fe8                DOGL128_Init
 .text.DOGL128_Write_Data
                0x08001030       0xa8 ./Core/Src/dogl128.o
                0x08001030                DOGL128_Write_Data
 .text.DOGL128_Write_CMD
                0x080010d8       0x5c ./Core/Src/dogl128.o
                0x080010d8                DOGL128_Write_CMD
 .text.M24C0X_Init
                0x08001134       0x30 ./Core/Src/eeprom.o
                0x08001134                M24C0X_Init
 .text.M24C0X_Write_Byte
                0x08001164       0x48 ./Core/Src/eeprom.o
                0x08001164                M24C0X_Write_Byte
 .text.M24C0X_Read_Byte
                0x080011ac       0x4c ./Core/Src/eeprom.o
                0x080011ac                M24C0X_Read_Byte
 .text.M24C0X_Read_Word
                0x080011f8       0x5c ./Core/Src/eeprom.o
                0x080011f8                M24C0X_Read_Word
 .text.M24C0X_Write_Word
                0x08001254       0x6c ./Core/Src/eeprom.o
                0x08001254                M24C0X_Write_Word
 .text.GPIO_Init
                0x080012c0       0x18 ./Core/Src/gpio.o
                0x080012c0                GPIO_Init
 .text.GPIO_Relay_Handler
                0x080012d8       0x68 ./Core/Src/gpio.o
                0x080012d8                GPIO_Relay_Handler
 .text.main     0x08001340       0x48 ./Core/Src/main.o
                0x08001340                main
 .text.SystemClock_Config
                0x08001388       0xd8 ./Core/Src/main.o
                0x08001388                SystemClock_Config
 .text.MX_ADC1_Init
                0x08001460       0xf8 ./Core/Src/main.o
 .text.MX_I2C3_Init
                0x08001558       0x5c ./Core/Src/main.o
 .text.MX_IWDG_Init
                0x080015b4       0x34 ./Core/Src/main.o
 .text.MX_SPI3_Init
                0x080015e8       0x6c ./Core/Src/main.o
 .text.MX_TIM1_Init
                0x08001654      0x170 ./Core/Src/main.o
 .text.MX_TIM2_Init
                0x080017c4       0x98 ./Core/Src/main.o
 .text.MX_TIM4_Init
                0x0800185c       0xac ./Core/Src/main.o
 .text.MX_TIM12_Init
                0x08001908       0x88 ./Core/Src/main.o
 .text.MX_TIM14_Init
                0x08001990       0x48 ./Core/Src/main.o
 .text.MX_USART2_UART_Init
                0x080019d8       0x54 ./Core/Src/main.o
 .text.MX_DMA_Init
                0x08001a2c       0x40 ./Core/Src/main.o
 .text.MX_GPIO_Init
                0x08001a6c      0x1a0 ./Core/Src/main.o
 .text.Error_Handler
                0x08001c0c        0xc ./Core/Src/main.o
                0x08001c0c                Error_Handler
 .text.Init     0x08001c18      0x120 ./Core/Src/main2.o
                0x08001c18                Init
 .text.Loop     0x08001d38      0x170 ./Core/Src/main2.o
                0x08001d38                Loop
 .text.Encoder_Init
                0x08001ea8       0x20 ./Core/Src/menu.o
                0x08001ea8                Encoder_Init
 .text.Menu_Init
                0x08001ec8       0x58 ./Core/Src/menu.o
                0x08001ec8                Menu_Init
 .text.Menu_Encoder_Handler
                0x08001f20      0x140 ./Core/Src/menu.o
                0x08001f20                Menu_Encoder_Handler
 .text.Menu_Handler
                0x08002060      0x560 ./Core/Src/menu.o
                0x08002060                Menu_Handler
 .text.Display_Init
                0x080025c0       0x54 ./Core/Src/mgui.o
                0x080025c0                Display_Init
 .text.Display_UpdateScreen
                0x08002614       0x14 ./Core/Src/mgui.o
                0x08002614                Display_UpdateScreen
 .text.Display_Fill
                0x08002628       0x30 ./Core/Src/mgui.o
                0x08002628                Display_Fill
 .text.Display_DrawPixel
                0x08002658       0xc0 ./Core/Src/mgui.o
                0x08002658                Display_DrawPixel
 .text.Display_GotoXY
                0x08002718       0x2c ./Core/Src/mgui.o
                0x08002718                Display_GotoXY
 .text.Display_Putc
                0x08002744       0xfc ./Core/Src/mgui.o
                0x08002744                Display_Putc
 .text.Display_Puts
                0x08002840       0x4a ./Core/Src/mgui.o
                0x08002840                Display_Puts
 .text.Display_DrawLine
                0x0800288a      0x1f6 ./Core/Src/mgui.o
                0x0800288a                Display_DrawLine
 .text.Print_Float
                0x08002a80       0xac ./Core/Src/mgui.o
                0x08002a80                Print_Float
 .text.Display_Clear
                0x08002b2c       0x12 ./Core/Src/mgui.o
                0x08002b2c                Display_Clear
 *fill*         0x08002b3e        0x2 
 .text.HAL_MspInit
                0x08002b40       0x50 ./Core/Src/stm32f4xx_hal_msp.o
                0x08002b40                HAL_MspInit
 .text.HAL_ADC_MspInit
                0x08002b90      0x100 ./Core/Src/stm32f4xx_hal_msp.o
                0x08002b90                HAL_ADC_MspInit
 .text.HAL_I2C_MspInit
                0x08002c90       0xd4 ./Core/Src/stm32f4xx_hal_msp.o
                0x08002c90                HAL_I2C_MspInit
 .text.HAL_SPI_MspInit
                0x08002d64       0x90 ./Core/Src/stm32f4xx_hal_msp.o
                0x08002d64                HAL_SPI_MspInit
 .text.HAL_TIM_Base_MspInit
                0x08002df4       0xd0 ./Core/Src/stm32f4xx_hal_msp.o
                0x08002df4                HAL_TIM_Base_MspInit
 .text.HAL_TIM_Encoder_MspInit
                0x08002ec4       0x90 ./Core/Src/stm32f4xx_hal_msp.o
                0x08002ec4                HAL_TIM_Encoder_MspInit
 .text.HAL_TIM_MspPostInit
                0x08002f54       0xf4 ./Core/Src/stm32f4xx_hal_msp.o
                0x08002f54                HAL_TIM_MspPostInit
 .text.HAL_UART_MspInit
                0x08003048       0x90 ./Core/Src/stm32f4xx_hal_msp.o
                0x08003048                HAL_UART_MspInit
 .text.NMI_Handler
                0x080030d8        0x8 ./Core/Src/stm32f4xx_it.o
                0x080030d8                NMI_Handler
 .text.HardFault_Handler
                0x080030e0        0x8 ./Core/Src/stm32f4xx_it.o
                0x080030e0                HardFault_Handler
 .text.MemManage_Handler
                0x080030e8        0x8 ./Core/Src/stm32f4xx_it.o
                0x080030e8                MemManage_Handler
 .text.BusFault_Handler
                0x080030f0        0x8 ./Core/Src/stm32f4xx_it.o
                0x080030f0                BusFault_Handler
 .text.UsageFault_Handler
                0x080030f8        0x8 ./Core/Src/stm32f4xx_it.o
                0x080030f8                UsageFault_Handler
 .text.SVC_Handler
                0x08003100        0xe ./Core/Src/stm32f4xx_it.o
                0x08003100                SVC_Handler
 .text.DebugMon_Handler
                0x0800310e        0xe ./Core/Src/stm32f4xx_it.o
                0x0800310e                DebugMon_Handler
 .text.PendSV_Handler
                0x0800311c        0xe ./Core/Src/stm32f4xx_it.o
                0x0800311c                PendSV_Handler
 .text.SysTick_Handler
                0x0800312a        0xc ./Core/Src/stm32f4xx_it.o
                0x0800312a                SysTick_Handler
 *fill*         0x08003136        0x2 
 .text.ADC_IRQHandler
                0x08003138       0x14 ./Core/Src/stm32f4xx_it.o
                0x08003138                ADC_IRQHandler
 .text.TIM8_TRG_COM_TIM14_IRQHandler
                0x0800314c       0x14 ./Core/Src/stm32f4xx_it.o
                0x0800314c                TIM8_TRG_COM_TIM14_IRQHandler
 .text.DMA2_Stream0_IRQHandler
                0x08003160       0x14 ./Core/Src/stm32f4xx_it.o
                0x08003160                DMA2_Stream0_IRQHandler
 .text._sbrk    0x08003174       0x6c ./Core/Src/sysmem.o
                0x08003174                _sbrk
 .text.SystemInit
                0x080031e0       0x24 ./Core/Src/system_stm32f4xx.o
                0x080031e0                SystemInit
 .text.TCA9534_Init
                0x08003204       0x58 ./Core/Src/tca9534.o
                0x08003204                TCA9534_Init
 .text.TCA9534_Write_Output_Reg
                0x0800325c       0x3c ./Core/Src/tca9534.o
                0x0800325c                TCA9534_Write_Output_Reg
 .text.TCA9534_Read_Input_Reg
                0x08003298       0x48 ./Core/Src/tca9534.o
                0x08003298                TCA9534_Read_Input_Reg
 .text.TCA9534_Read_Output_Reg
                0x080032e0       0x48 ./Core/Src/tca9534.o
                0x080032e0                TCA9534_Read_Output_Reg
 .text.Read_PB_All
                0x08003328       0x80 ./Core/Src/tca9534.o
                0x08003328                Read_PB_All
 .text.Write_LED
                0x080033a8       0x3c ./Core/Src/tca9534.o
                0x080033a8                Write_LED
 .text.Write_4LED
                0x080033e4       0x6c ./Core/Src/tca9534.o
                0x080033e4                Write_4LED
 .text.bit_config
                0x08003450       0x36 ./Core/Src/tca9534.o
                0x08003450                bit_config
 *fill*         0x08003486        0x2 
 .text.Values_Init
                0x08003488      0x338 ./Core/Src/values.o
                0x08003488                Values_Init
 .text.Motor_Timers_Stop
                0x080037c0       0x58 ./Core/Src/vfd.o
                0x080037c0                Motor_Timers_Stop
 .text.Motor_Timers_Start
                0x08003818       0xd4 ./Core/Src/vfd.o
                0x08003818                Motor_Timers_Start
 *fill*         0x080038ec        0x4 
 .text.Generate_LUT
                0x080038f0       0xcc ./Core/Src/vfd.o
                0x080038f0                Generate_LUT
 .text.VFD_Init
                0x080039bc       0x2c ./Core/Src/vfd.o
                0x080039bc                VFD_Init
 .text.VFD_Handler
                0x080039e8      0x1b8 ./Core/Src/vfd.o
                0x080039e8                VFD_Handler
 .text.Motor_LUT_Stepper
                0x08003ba0      0x22c ./Core/Src/vfd.o
                0x08003ba0                Motor_LUT_Stepper
 .text.HAL_TIM_PeriodElapsedCallback
                0x08003dcc       0x38 ./Core/Src/vfd.o
                0x08003dcc                HAL_TIM_PeriodElapsedCallback
 .text.Reset_Handler
                0x08003e04       0x50 ./Core/Startup/startup_stm32f407vetx.o
                0x08003e04                Reset_Handler
 .text.Default_Handler
                0x08003e54        0x2 ./Core/Startup/startup_stm32f407vetx.o
                0x08003e54                RTC_Alarm_IRQHandler
                0x08003e54                HASH_RNG_IRQHandler
                0x08003e54                EXTI2_IRQHandler
                0x08003e54                TIM8_CC_IRQHandler
                0x08003e54                TIM1_CC_IRQHandler
                0x08003e54                DMA2_Stream5_IRQHandler
                0x08003e54                DMA1_Stream5_IRQHandler
                0x08003e54                PVD_IRQHandler
                0x08003e54                SDIO_IRQHandler
                0x08003e54                TAMP_STAMP_IRQHandler
                0x08003e54                CAN2_RX1_IRQHandler
                0x08003e54                EXTI3_IRQHandler
                0x08003e54                TIM1_UP_TIM10_IRQHandler
                0x08003e54                TIM8_UP_TIM13_IRQHandler
                0x08003e54                I2C3_ER_IRQHandler
                0x08003e54                EXTI0_IRQHandler
                0x08003e54                I2C2_EV_IRQHandler
                0x08003e54                DMA1_Stream2_IRQHandler
                0x08003e54                CAN1_RX0_IRQHandler
                0x08003e54                FPU_IRQHandler
                0x08003e54                OTG_HS_WKUP_IRQHandler
                0x08003e54                CAN2_SCE_IRQHandler
                0x08003e54                DMA2_Stream2_IRQHandler
                0x08003e54                SPI1_IRQHandler
                0x08003e54                TIM6_DAC_IRQHandler
                0x08003e54                TIM1_BRK_TIM9_IRQHandler
                0x08003e54                DCMI_IRQHandler
                0x08003e54                CAN2_RX0_IRQHandler
                0x08003e54                DMA2_Stream3_IRQHandler
                0x08003e54                USART6_IRQHandler
                0x08003e54                USART3_IRQHandler
                0x08003e54                CAN1_RX1_IRQHandler
                0x08003e54                UART5_IRQHandler
                0x08003e54                TIM4_IRQHandler
                0x08003e54                I2C1_EV_IRQHandler
                0x08003e54                DMA1_Stream6_IRQHandler
                0x08003e54                DMA1_Stream1_IRQHandler
                0x08003e54                UART4_IRQHandler
                0x08003e54                TIM3_IRQHandler
                0x08003e54                RCC_IRQHandler
                0x08003e54                TIM8_BRK_TIM12_IRQHandler
                0x08003e54                Default_Handler
                0x08003e54                EXTI15_10_IRQHandler
                0x08003e54                DMA1_Stream7_IRQHandler
                0x08003e54                TIM7_IRQHandler
                0x08003e54                CAN2_TX_IRQHandler
                0x08003e54                TIM5_IRQHandler
                0x08003e54                DMA2_Stream7_IRQHandler
                0x08003e54                I2C3_EV_IRQHandler
                0x08003e54                EXTI9_5_IRQHandler
                0x08003e54                RTC_WKUP_IRQHandler
                0x08003e54                ETH_WKUP_IRQHandler
                0x08003e54                SPI2_IRQHandler
                0x08003e54                OTG_HS_EP1_IN_IRQHandler
                0x08003e54                DMA1_Stream0_IRQHandler
                0x08003e54                CAN1_TX_IRQHandler
                0x08003e54                EXTI4_IRQHandler
                0x08003e54                FSMC_IRQHandler
                0x08003e54                ETH_IRQHandler
                0x08003e54                OTG_HS_EP1_OUT_IRQHandler
                0x08003e54                WWDG_IRQHandler
                0x08003e54                TIM2_IRQHandler
                0x08003e54                OTG_FS_WKUP_IRQHandler
                0x08003e54                TIM1_TRG_COM_TIM11_IRQHandler
                0x08003e54                OTG_HS_IRQHandler
                0x08003e54                EXTI1_IRQHandler
                0x08003e54                USART2_IRQHandler
                0x08003e54                I2C2_ER_IRQHandler
                0x08003e54                DMA2_Stream1_IRQHandler
                0x08003e54                CAN1_SCE_IRQHandler
                0x08003e54                FLASH_IRQHandler
                0x08003e54                DMA2_Stream4_IRQHandler
                0x08003e54                USART1_IRQHandler
                0x08003e54                OTG_FS_IRQHandler
                0x08003e54                SPI3_IRQHandler
                0x08003e54                DMA1_Stream4_IRQHandler
                0x08003e54                I2C1_ER_IRQHandler
                0x08003e54                DMA2_Stream6_IRQHandler
                0x08003e54                DMA1_Stream3_IRQHandler
 *fill*         0x08003e56        0x2 
 .text.HAL_Init
                0x08003e58       0x44 ./Drivers/STM32F4xx_HAL_Driver/Src/stm32f4xx_hal.o
                0x08003e58                HAL_Init
 .text.HAL_InitTick
                0x08003e9c       0x60 ./Drivers/STM32F4xx_HAL_Driver/Src/stm32f4xx_hal.o
                0x08003e9c                HAL_InitTick
 .text.HAL_IncTick
                0x08003efc       0x28 ./Drivers/STM32F4xx_HAL_Driver/Src/stm32f4xx_hal.o
                0x08003efc                HAL_IncTick
 .text.HAL_GetTick
                0x08003f24       0x18 ./Drivers/STM32F4xx_HAL_Driver/Src/stm32f4xx_hal.o
                0x08003f24                HAL_GetTick
 .text.HAL_Delay
                0x08003f3c       0x48 ./Drivers/STM32F4xx_HAL_Driver/Src/stm32f4xx_hal.o
                0x08003f3c                HAL_Delay
 .text.HAL_ADC_Init
                0x08003f84       0x86 ./Drivers/STM32F4xx_HAL_Driver/Src/stm32f4xx_hal_adc.o
                0x08003f84                HAL_ADC_Init
 .text.HAL_ADC_IRQHandler
                0x0800400a      0x220 ./Drivers/STM32F4xx_HAL_Driver/Src/stm32f4xx_hal_adc.o
                0x0800400a                HAL_ADC_IRQHandler
 *fill*         0x0800422a        0x2 
 .text.HAL_ADC_Start_DMA
                0x0800422c      0x220 ./Drivers/STM32F4xx_HAL_Driver/Src/stm32f4xx_hal_adc.o
                0x0800422c                HAL_ADC_Start_DMA
 .text.HAL_ADC_Stop_DMA
                0x0800444c       0xb4 ./Drivers/STM32F4xx_HAL_Driver/Src/stm32f4xx_hal_adc.o
                0x0800444c                HAL_ADC_Stop_DMA
 .text.HAL_ADC_ConvHalfCpltCallback
                0x08004500       0x14 ./Drivers/STM32F4xx_HAL_Driver/Src/stm32f4xx_hal_adc.o
                0x08004500                HAL_ADC_ConvHalfCpltCallback
 .text.HAL_ADC_LevelOutOfWindowCallback
                0x08004514       0x14 ./Drivers/STM32F4xx_HAL_Driver/Src/stm32f4xx_hal_adc.o
                0x08004514                HAL_ADC_LevelOutOfWindowCallback
 .text.HAL_ADC_ErrorCallback
                0x08004528       0x14 ./Drivers/STM32F4xx_HAL_Driver/Src/stm32f4xx_hal_adc.o
                0x08004528                HAL_ADC_ErrorCallback
 .text.HAL_ADC_ConfigChannel
                0x0800453c      0x244 ./Drivers/STM32F4xx_HAL_Driver/Src/stm32f4xx_hal_adc.o
                0x0800453c                HAL_ADC_ConfigChannel
 .text.ADC_Init
                0x08004780      0x1f8 ./Drivers/STM32F4xx_HAL_Driver/Src/stm32f4xx_hal_adc.o
 .text.ADC_DMAConvCplt
                0x08004978       0xba ./Drivers/STM32F4xx_HAL_Driver/Src/stm32f4xx_hal_adc.o
 .text.ADC_DMAHalfConvCplt
                0x08004a32       0x1c ./Drivers/STM32F4xx_HAL_Driver/Src/stm32f4xx_hal_adc.o
 .text.ADC_DMAError
                0x08004a4e       0x2e ./Drivers/STM32F4xx_HAL_Driver/Src/stm32f4xx_hal_adc.o
 .text.HAL_ADCEx_InjectedConvCpltCallback
                0x08004a7c       0x14 ./Drivers/STM32F4xx_HAL_Driver/Src/stm32f4xx_hal_adc_ex.o
                0x08004a7c                HAL_ADCEx_InjectedConvCpltCallback
 .text.__NVIC_SetPriorityGrouping
                0x08004a90       0x48 ./Drivers/STM32F4xx_HAL_Driver/Src/stm32f4xx_hal_cortex.o
 .text.__NVIC_GetPriorityGrouping
                0x08004ad8       0x1c ./Drivers/STM32F4xx_HAL_Driver/Src/stm32f4xx_hal_cortex.o
 .text.__NVIC_EnableIRQ
                0x08004af4       0x3c ./Drivers/STM32F4xx_HAL_Driver/Src/stm32f4xx_hal_cortex.o
 .text.__NVIC_SetPriority
                0x08004b30       0x54 ./Drivers/STM32F4xx_HAL_Driver/Src/stm32f4xx_hal_cortex.o
 .text.NVIC_EncodePriority
                0x08004b84       0x66 ./Drivers/STM32F4xx_HAL_Driver/Src/stm32f4xx_hal_cortex.o
 *fill*         0x08004bea        0x2 
 .text.SysTick_Config
                0x08004bec       0x44 ./Drivers/STM32F4xx_HAL_Driver/Src/stm32f4xx_hal_cortex.o
 .text.HAL_NVIC_SetPriorityGrouping
                0x08004c30       0x16 ./Drivers/STM32F4xx_HAL_Driver/Src/stm32f4xx_hal_cortex.o
                0x08004c30                HAL_NVIC_SetPriorityGrouping
 .text.HAL_NVIC_SetPriority
                0x08004c46       0x38 ./Drivers/STM32F4xx_HAL_Driver/Src/stm32f4xx_hal_cortex.o
                0x08004c46                HAL_NVIC_SetPriority
 .text.HAL_NVIC_EnableIRQ
                0x08004c7e       0x1c ./Drivers/STM32F4xx_HAL_Driver/Src/stm32f4xx_hal_cortex.o
                0x08004c7e                HAL_NVIC_EnableIRQ
 .text.HAL_SYSTICK_Config
                0x08004c9a       0x18 ./Drivers/STM32F4xx_HAL_Driver/Src/stm32f4xx_hal_cortex.o
                0x08004c9a                HAL_SYSTICK_Config
 *fill*         0x08004cb2        0x2 
 .text.HAL_DMA_Init
                0x08004cb4      0x15c ./Drivers/STM32F4xx_HAL_Driver/Src/stm32f4xx_hal_dma.o
                0x08004cb4                HAL_DMA_Init
 .text.HAL_DMA_Start_IT
                0x08004e10       0xb0 ./Drivers/STM32F4xx_HAL_Driver/Src/stm32f4xx_hal_dma.o
                0x08004e10                HAL_DMA_Start_IT
 .text.HAL_DMA_Abort
                0x08004ec0       0xe0 ./Drivers/STM32F4xx_HAL_Driver/Src/stm32f4xx_hal_dma.o
                0x08004ec0                HAL_DMA_Abort
 .text.HAL_DMA_IRQHandler
                0x08004fa0      0x314 ./Drivers/STM32F4xx_HAL_Driver/Src/stm32f4xx_hal_dma.o
                0x08004fa0                HAL_DMA_IRQHandler
 .text.DMA_SetConfig
                0x080052b4       0x5c ./Drivers/STM32F4xx_HAL_Driver/Src/stm32f4xx_hal_dma.o
 .text.DMA_CalcBaseAndBitshift
                0x08005310       0x6c ./Drivers/STM32F4xx_HAL_Driver/Src/stm32f4xx_hal_dma.o
 .text.DMA_CheckFifoParam
                0x0800537c       0xf8 ./Drivers/STM32F4xx_HAL_Driver/Src/stm32f4xx_hal_dma.o
 .text.HAL_GPIO_Init
                0x08005474      0x338 ./Drivers/STM32F4xx_HAL_Driver/Src/stm32f4xx_hal_gpio.o
                0x08005474                HAL_GPIO_Init
 .text.HAL_GPIO_ReadPin
                0x080057ac       0x30 ./Drivers/STM32F4xx_HAL_Driver/Src/stm32f4xx_hal_gpio.o
                0x080057ac                HAL_GPIO_ReadPin
 .text.HAL_GPIO_WritePin
                0x080057dc       0x32 ./Drivers/STM32F4xx_HAL_Driver/Src/stm32f4xx_hal_gpio.o
                0x080057dc                HAL_GPIO_WritePin
 .text.HAL_GPIO_TogglePin
                0x0800580e       0x34 ./Drivers/STM32F4xx_HAL_Driver/Src/stm32f4xx_hal_gpio.o
                0x0800580e                HAL_GPIO_TogglePin
 *fill*         0x08005842        0x2 
 .text.HAL_I2C_Init
                0x08005844      0x288 ./Drivers/STM32F4xx_HAL_Driver/Src/stm32f4xx_hal_i2c.o
                0x08005844                HAL_I2C_Init
 .text.HAL_I2C_Master_Transmit
                0x08005acc      0x1fc ./Drivers/STM32F4xx_HAL_Driver/Src/stm32f4xx_hal_i2c.o
                0x08005acc                HAL_I2C_Master_Transmit
 .text.HAL_I2C_Master_Receive
                0x08005cc8      0x464 ./Drivers/STM32F4xx_HAL_Driver/Src/stm32f4xx_hal_i2c.o
                0x08005cc8                HAL_I2C_Master_Receive
 .text.HAL_I2C_IsDeviceReady
                0x0800612c      0x25c ./Drivers/STM32F4xx_HAL_Driver/Src/stm32f4xx_hal_i2c.o
                0x0800612c                HAL_I2C_IsDeviceReady
 .text.I2C_MasterRequestWrite
                0x08006388      0x104 ./Drivers/STM32F4xx_HAL_Driver/Src/stm32f4xx_hal_i2c.o
 .text.I2C_MasterRequestRead
                0x0800648c      0x19c ./Drivers/STM32F4xx_HAL_Driver/Src/stm32f4xx_hal_i2c.o
 .text.I2C_WaitOnFlagUntilTimeout
                0x08006628       0xf4 ./Drivers/STM32F4xx_HAL_Driver/Src/stm32f4xx_hal_i2c.o
 .text.I2C_WaitOnMasterAddressFlagUntilTimeout
                0x0800671c      0x140 ./Drivers/STM32F4xx_HAL_Driver/Src/stm32f4xx_hal_i2c.o
 .text.I2C_WaitOnTXEFlagUntilTimeout
                0x0800685c       0x90 ./Drivers/STM32F4xx_HAL_Driver/Src/stm32f4xx_hal_i2c.o
 .text.I2C_WaitOnBTFFlagUntilTimeout
                0x080068ec       0x90 ./Drivers/STM32F4xx_HAL_Driver/Src/stm32f4xx_hal_i2c.o
 .text.I2C_WaitOnRXNEFlagUntilTimeout
                0x0800697c       0xba ./Drivers/STM32F4xx_HAL_Driver/Src/stm32f4xx_hal_i2c.o
 .text.I2C_IsAcknowledgeFailed
                0x08006a36       0x5e ./Drivers/STM32F4xx_HAL_Driver/Src/stm32f4xx_hal_i2c.o
 .text.HAL_IWDG_Init
                0x08006a94       0x84 ./Drivers/STM32F4xx_HAL_Driver/Src/stm32f4xx_hal_iwdg.o
                0x08006a94                HAL_IWDG_Init
 .text.HAL_IWDG_Refresh
                0x08006b18       0x20 ./Drivers/STM32F4xx_HAL_Driver/Src/stm32f4xx_hal_iwdg.o
                0x08006b18                HAL_IWDG_Refresh
 .text.HAL_RCC_OscConfig
                0x08006b38      0x4f0 ./Drivers/STM32F4xx_HAL_Driver/Src/stm32f4xx_hal_rcc.o
                0x08006b38                HAL_RCC_OscConfig
 .text.HAL_RCC_ClockConfig
                0x08007028      0x1cc ./Drivers/STM32F4xx_HAL_Driver/Src/stm32f4xx_hal_rcc.o
                0x08007028                HAL_RCC_ClockConfig
 .text.HAL_RCC_GetSysClockFreq
                0x080071f4      0x208 ./Drivers/STM32F4xx_HAL_Driver/Src/stm32f4xx_hal_rcc.o
                0x080071f4                HAL_RCC_GetSysClockFreq
 .text.HAL_RCC_GetHCLKFreq
                0x080073fc       0x18 ./Drivers/STM32F4xx_HAL_Driver/Src/stm32f4xx_hal_rcc.o
                0x080073fc                HAL_RCC_GetHCLKFreq
 .text.HAL_RCC_GetPCLK1Freq
                0x08007414       0x28 ./Drivers/STM32F4xx_HAL_Driver/Src/stm32f4xx_hal_rcc.o
                0x08007414                HAL_RCC_GetPCLK1Freq
 .text.HAL_RCC_GetPCLK2Freq
                0x0800743c       0x28 ./Drivers/STM32F4xx_HAL_Driver/Src/stm32f4xx_hal_rcc.o
                0x0800743c                HAL_RCC_GetPCLK2Freq
 .text.HAL_SPI_Init
                0x08007464      0x112 ./Drivers/STM32F4xx_HAL_Driver/Src/stm32f4xx_hal_spi.o
                0x08007464                HAL_SPI_Init
 .text.HAL_SPI_Transmit
                0x08007576      0x288 ./Drivers/STM32F4xx_HAL_Driver/Src/stm32f4xx_hal_spi.o
                0x08007576                HAL_SPI_Transmit
 .text.HAL_SPI_GetState
                0x080077fe       0x1c ./Drivers/STM32F4xx_HAL_Driver/Src/stm32f4xx_hal_spi.o
                0x080077fe                HAL_SPI_GetState
 *fill*         0x0800781a        0x2 
 .text.SPI_WaitFlagStateUntilTimeout
                0x0800781c      0x110 ./Drivers/STM32F4xx_HAL_Driver/Src/stm32f4xx_hal_spi.o
 .text.SPI_EndRxTxTransaction
                0x0800792c       0xa8 ./Drivers/STM32F4xx_HAL_Driver/Src/stm32f4xx_hal_spi.o
 .text.HAL_TIM_Base_Init
                0x080079d4       0x9e ./Drivers/STM32F4xx_HAL_Driver/Src/stm32f4xx_hal_tim.o
                0x080079d4                HAL_TIM_Base_Init
 *fill*         0x08007a72        0x2 
 .text.HAL_TIM_Base_Start
                0x08007a74       0xd0 ./Drivers/STM32F4xx_HAL_Driver/Src/stm32f4xx_hal_tim.o
                0x08007a74                HAL_TIM_Base_Start
 .text.HAL_TIM_Base_Stop
                0x08007b44       0x4e ./Drivers/STM32F4xx_HAL_Driver/Src/stm32f4xx_hal_tim.o
                0x08007b44                HAL_TIM_Base_Stop
 *fill*         0x08007b92        0x2 
 .text.HAL_TIM_Base_Start_IT
                0x08007b94       0xe0 ./Drivers/STM32F4xx_HAL_Driver/Src/stm32f4xx_hal_tim.o
                0x08007b94                HAL_TIM_Base_Start_IT
 .text.HAL_TIM_PWM_Init
                0x08007c74       0x9e ./Drivers/STM32F4xx_HAL_Driver/Src/stm32f4xx_hal_tim.o
                0x08007c74                HAL_TIM_PWM_Init
 .text.HAL_TIM_PWM_MspInit
                0x08007d12       0x14 ./Drivers/STM32F4xx_HAL_Driver/Src/stm32f4xx_hal_tim.o
                0x08007d12                HAL_TIM_PWM_MspInit
 *fill*         0x08007d26        0x2 
 .text.HAL_TIM_PWM_Start
                0x08007d28      0x190 ./Drivers/STM32F4xx_HAL_Driver/Src/stm32f4xx_hal_tim.o
                0x08007d28                HAL_TIM_PWM_Start
 .text.HAL_TIM_PWM_Stop
                0x08007eb8       0xe0 ./Drivers/STM32F4xx_HAL_Driver/Src/stm32f4xx_hal_tim.o
                0x08007eb8                HAL_TIM_PWM_Stop
 .text.HAL_TIM_OnePulse_Init
                0x08007f98       0xa0 ./Drivers/STM32F4xx_HAL_Driver/Src/stm32f4xx_hal_tim.o
                0x08007f98                HAL_TIM_OnePulse_Init
 .text.HAL_TIM_OnePulse_MspInit
                0x08008038       0x14 ./Drivers/STM32F4xx_HAL_Driver/Src/stm32f4xx_hal_tim.o
                0x08008038                HAL_TIM_OnePulse_MspInit
 .text.HAL_TIM_Encoder_Init
                0x0800804c      0x14c ./Drivers/STM32F4xx_HAL_Driver/Src/stm32f4xx_hal_tim.o
                0x0800804c                HAL_TIM_Encoder_Init
 .text.HAL_TIM_Encoder_Start
                0x08008198      0x11c ./Drivers/STM32F4xx_HAL_Driver/Src/stm32f4xx_hal_tim.o
                0x08008198                HAL_TIM_Encoder_Start
 .text.HAL_TIM_IRQHandler
                0x080082b4      0x1e0 ./Drivers/STM32F4xx_HAL_Driver/Src/stm32f4xx_hal_tim.o
                0x080082b4                HAL_TIM_IRQHandler
 .text.HAL_TIM_PWM_ConfigChannel
                0x08008494      0x184 ./Drivers/STM32F4xx_HAL_Driver/Src/stm32f4xx_hal_tim.o
                0x08008494                HAL_TIM_PWM_ConfigChannel
 .text.HAL_TIM_ConfigClockSource
                0x08008618      0x18e ./Drivers/STM32F4xx_HAL_Driver/Src/stm32f4xx_hal_tim.o
                0x08008618                HAL_TIM_ConfigClockSource
 .text.HAL_TIM_OC_DelayElapsedCallback
                0x080087a6       0x14 ./Drivers/STM32F4xx_HAL_Driver/Src/stm32f4xx_hal_tim.o
                0x080087a6                HAL_TIM_OC_DelayElapsedCallback
 .text.HAL_TIM_IC_CaptureCallback
                0x080087ba       0x14 ./Drivers/STM32F4xx_HAL_Driver/Src/stm32f4xx_hal_tim.o
                0x080087ba                HAL_TIM_IC_CaptureCallback
 .text.HAL_TIM_PWM_PulseFinishedCallback
                0x080087ce       0x14 ./Drivers/STM32F4xx_HAL_Driver/Src/stm32f4xx_hal_tim.o
                0x080087ce                HAL_TIM_PWM_PulseFinishedCallback
 .text.HAL_TIM_TriggerCallback
                0x080087e2       0x14 ./Drivers/STM32F4xx_HAL_Driver/Src/stm32f4xx_hal_tim.o
                0x080087e2                HAL_TIM_TriggerCallback
 *fill*         0x080087f6        0x2 
 .text.TIM_Base_SetConfig
                0x080087f8      0x158 ./Drivers/STM32F4xx_HAL_Driver/Src/stm32f4xx_hal_tim.o
                0x080087f8                TIM_Base_SetConfig
 .text.TIM_OC1_SetConfig
                0x08008950       0xe0 ./Drivers/STM32F4xx_HAL_Driver/Src/stm32f4xx_hal_tim.o
 .text.TIM_OC2_SetConfig
                0x08008a30       0xec ./Drivers/STM32F4xx_HAL_Driver/Src/stm32f4xx_hal_tim.o
                0x08008a30                TIM_OC2_SetConfig
 .text.TIM_OC3_SetConfig
                0x08008b1c       0xe8 ./Drivers/STM32F4xx_HAL_Driver/Src/stm32f4xx_hal_tim.o
 .text.TIM_OC4_SetConfig
                0x08008c04       0xac ./Drivers/STM32F4xx_HAL_Driver/Src/stm32f4xx_hal_tim.o
 .text.TIM_TI1_ConfigInputStage
                0x08008cb0       0x5e ./Drivers/STM32F4xx_HAL_Driver/Src/stm32f4xx_hal_tim.o
 .text.TIM_TI2_ConfigInputStage
                0x08008d0e       0x60 ./Drivers/STM32F4xx_HAL_Driver/Src/stm32f4xx_hal_tim.o
 .text.TIM_ITRx_SetConfig
                0x08008d6e       0x36 ./Drivers/STM32F4xx_HAL_Driver/Src/stm32f4xx_hal_tim.o
 .text.TIM_ETR_SetConfig
                0x08008da4       0x40 ./Drivers/STM32F4xx_HAL_Driver/Src/stm32f4xx_hal_tim.o
                0x08008da4                TIM_ETR_SetConfig
 .text.TIM_CCxChannelCmd
                0x08008de4       0x4a ./Drivers/STM32F4xx_HAL_Driver/Src/stm32f4xx_hal_tim.o
                0x08008de4                TIM_CCxChannelCmd
 *fill*         0x08008e2e        0x2 
 .text.HAL_TIMEx_PWMN_Start
                0x08008e30      0x174 ./Drivers/STM32F4xx_HAL_Driver/Src/stm32f4xx_hal_tim_ex.o
                0x08008e30                HAL_TIMEx_PWMN_Start
 .text.HAL_TIMEx_PWMN_Stop
                0x08008fa4       0xba ./Drivers/STM32F4xx_HAL_Driver/Src/stm32f4xx_hal_tim_ex.o
                0x08008fa4                HAL_TIMEx_PWMN_Stop
 *fill*         0x0800905e        0x2 
 .text.HAL_TIMEx_MasterConfigSynchronization
                0x08009060       0xf8 ./Drivers/STM32F4xx_HAL_Driver/Src/stm32f4xx_hal_tim_ex.o
                0x08009060                HAL_TIMEx_MasterConfigSynchronization
 .text.HAL_TIMEx_ConfigBreakDeadTime
                0x08009158       0xa4 ./Drivers/STM32F4xx_HAL_Driver/Src/stm32f4xx_hal_tim_ex.o
                0x08009158                HAL_TIMEx_ConfigBreakDeadTime
 .text.HAL_TIMEx_CommutCallback
                0x080091fc       0x14 ./Drivers/STM32F4xx_HAL_Driver/Src/stm32f4xx_hal_tim_ex.o
                0x080091fc                HAL_TIMEx_CommutCallback
 .text.HAL_TIMEx_BreakCallback
                0x08009210       0x14 ./Drivers/STM32F4xx_HAL_Driver/Src/stm32f4xx_hal_tim_ex.o
                0x08009210                HAL_TIMEx_BreakCallback
 .text.TIM_CCxNChannelCmd
                0x08009224       0x4a ./Drivers/STM32F4xx_HAL_Driver/Src/stm32f4xx_hal_tim_ex.o
 .text.HAL_UART_Init
                0x0800926e       0xa0 ./Drivers/STM32F4xx_HAL_Driver/Src/stm32f4xx_hal_uart.o
                0x0800926e                HAL_UART_Init
 *fill*         0x0800930e        0x2 
 .text.UART_SetConfig
                0x08009310      0x4e8 ./Drivers/STM32F4xx_HAL_Driver/Src/stm32f4xx_hal_uart.o
 .text.snprintf
                0x080097f8       0x6c C:/ST/STM32CubeIDE_1.12.1/STM32CubeIDE/plugins/com.st.stm32cube.ide.mcu.externaltools.gnu-tools-for-stm32.13.3.rel1.win32_1.0.0.202411081344/tools/bin/../lib/gcc/arm-none-eabi/13.3.1/../../../../arm-none-eabi/lib/thumb/v7e-m+fp/hard\libc_nano.a(libc_a-snprintf.o)
                0x080097f8                sniprintf
                0x080097f8                snprintf
 .text.sprintf  0x08009864       0x44 C:/ST/STM32CubeIDE_1.12.1/STM32CubeIDE/plugins/com.st.stm32cube.ide.mcu.externaltools.gnu-tools-for-stm32.13.3.rel1.win32_1.0.0.202411081344/tools/bin/../lib/gcc/arm-none-eabi/13.3.1/../../../../arm-none-eabi/lib/thumb/v7e-m+fp/hard\libc_nano.a(libc_a-sprintf.o)
                0x08009864                siprintf
                0x08009864                sprintf
 .text.memset   0x080098a8       0x10 C:/ST/STM32CubeIDE_1.12.1/STM32CubeIDE/plugins/com.st.stm32cube.ide.mcu.externaltools.gnu-tools-for-stm32.13.3.rel1.win32_1.0.0.202411081344/tools/bin/../lib/gcc/arm-none-eabi/13.3.1/../../../../arm-none-eabi/lib/thumb/v7e-m+fp/hard\libc_nano.a(libc_a-memset.o)
                0x080098a8                memset
 .text.strncpy  0x080098b8       0x26 C:/ST/STM32CubeIDE_1.12.1/STM32CubeIDE/plugins/com.st.stm32cube.ide.mcu.externaltools.gnu-tools-for-stm32.13.3.rel1.win32_1.0.0.202411081344/tools/bin/../lib/gcc/arm-none-eabi/13.3.1/../../../../arm-none-eabi/lib/thumb/v7e-m+fp/hard\libc_nano.a(libc_a-strncpy.o)
                0x080098b8                strncpy
 *fill*         0x080098de        0x2 
 .text.__errno  0x080098e0        0xc C:/ST/STM32CubeIDE_1.12.1/STM32CubeIDE/plugins/com.st.stm32cube.ide.mcu.externaltools.gnu-tools-for-stm32.13.3.rel1.win32_1.0.0.202411081344/tools/bin/../lib/gcc/arm-none-eabi/13.3.1/../../../../arm-none-eabi/lib/thumb/v7e-m+fp/hard\libc_nano.a(libc_a-errno.o)
                0x080098e0                __errno
 .text.__libc_init_array
                0x080098ec       0x48 C:/ST/STM32CubeIDE_1.12.1/STM32CubeIDE/plugins/com.st.stm32cube.ide.mcu.externaltools.gnu-tools-for-stm32.13.3.rel1.win32_1.0.0.202411081344/tools/bin/../lib/gcc/arm-none-eabi/13.3.1/../../../../arm-none-eabi/lib/thumb/v7e-m+fp/hard\libc_nano.a(libc_a-init.o)
                0x080098ec                __libc_init_array
 .text.__retarget_lock_acquire_recursive
                0x08009934        0x2 C:/ST/STM32CubeIDE_1.12.1/STM32CubeIDE/plugins/com.st.stm32cube.ide.mcu.externaltools.gnu-tools-for-stm32.13.3.rel1.win32_1.0.0.202411081344/tools/bin/../lib/gcc/arm-none-eabi/13.3.1/../../../../arm-none-eabi/lib/thumb/v7e-m+fp/hard\libc_nano.a(libc_a-lock.o)
                0x08009934                __retarget_lock_acquire_recursive
 .text.__retarget_lock_release_recursive
                0x08009936        0x2 C:/ST/STM32CubeIDE_1.12.1/STM32CubeIDE/plugins/com.st.stm32cube.ide.mcu.externaltools.gnu-tools-for-stm32.13.3.rel1.win32_1.0.0.202411081344/tools/bin/../lib/gcc/arm-none-eabi/13.3.1/../../../../arm-none-eabi/lib/thumb/v7e-m+fp/hard\libc_nano.a(libc_a-lock.o)
                0x08009936                __retarget_lock_release_recursive
 .text._free_r  0x08009938       0x94 C:/ST/STM32CubeIDE_1.12.1/STM32CubeIDE/plugins/com.st.stm32cube.ide.mcu.externaltools.gnu-tools-for-stm32.13.3.rel1.win32_1.0.0.202411081344/tools/bin/../lib/gcc/arm-none-eabi/13.3.1/../../../../arm-none-eabi/lib/thumb/v7e-m+fp/hard\libc_nano.a(libc_a-freer.o)
                0x08009938                _free_r
 .text.sbrk_aligned
                0x080099cc       0x44 C:/ST/STM32CubeIDE_1.12.1/STM32CubeIDE/plugins/com.st.stm32cube.ide.mcu.externaltools.gnu-tools-for-stm32.13.3.rel1.win32_1.0.0.202411081344/tools/bin/../lib/gcc/arm-none-eabi/13.3.1/../../../../arm-none-eabi/lib/thumb/v7e-m+fp/hard\libc_nano.a(libc_a-mallocr.o)
 .text._malloc_r
                0x08009a10      0x100 C:/ST/STM32CubeIDE_1.12.1/STM32CubeIDE/plugins/com.st.stm32cube.ide.mcu.externaltools.gnu-tools-for-stm32.13.3.rel1.win32_1.0.0.202411081344/tools/bin/../lib/gcc/arm-none-eabi/13.3.1/../../../../arm-none-eabi/lib/thumb/v7e-m+fp/hard\libc_nano.a(libc_a-mallocr.o)
                0x08009a10                _malloc_r
 .text.__malloc_lock
                0x08009b10        0xc C:/ST/STM32CubeIDE_1.12.1/STM32CubeIDE/plugins/com.st.stm32cube.ide.mcu.externaltools.gnu-tools-for-stm32.13.3.rel1.win32_1.0.0.202411081344/tools/bin/../lib/gcc/arm-none-eabi/13.3.1/../../../../arm-none-eabi/lib/thumb/v7e-m+fp/hard\libc_nano.a(libc_a-mlock.o)
                0x08009b10                __malloc_lock
 .text.__malloc_unlock
                0x08009b1c        0xc C:/ST/STM32CubeIDE_1.12.1/STM32CubeIDE/plugins/com.st.stm32cube.ide.mcu.externaltools.gnu-tools-for-stm32.13.3.rel1.win32_1.0.0.202411081344/tools/bin/../lib/gcc/arm-none-eabi/13.3.1/../../../../arm-none-eabi/lib/thumb/v7e-m+fp/hard\libc_nano.a(libc_a-mlock.o)
                0x08009b1c                __malloc_unlock
 .text.__ssputs_r
                0x08009b28       0xb6 C:/ST/STM32CubeIDE_1.12.1/STM32CubeIDE/plugins/com.st.stm32cube.ide.mcu.externaltools.gnu-tools-for-stm32.13.3.rel1.win32_1.0.0.202411081344/tools/bin/../lib/gcc/arm-none-eabi/13.3.1/../../../../arm-none-eabi/lib/thumb/v7e-m+fp/hard\libc_nano.a(libc_a-nano-svfprintf.o)
                0x08009b28                __ssputs_r
 *fill*         0x08009bde        0x2 
 .text._svfprintf_r
                0x08009be0      0x1f8 C:/ST/STM32CubeIDE_1.12.1/STM32CubeIDE/plugins/com.st.stm32cube.ide.mcu.externaltools.gnu-tools-for-stm32.13.3.rel1.win32_1.0.0.202411081344/tools/bin/../lib/gcc/arm-none-eabi/13.3.1/../../../../arm-none-eabi/lib/thumb/v7e-m+fp/hard\libc_nano.a(libc_a-nano-svfprintf.o)
                0x08009be0                _svfiprintf_r
                0x08009be0                _svfprintf_r
 .text._printf_common
                0x08009dd8       0xda C:/ST/STM32CubeIDE_1.12.1/STM32CubeIDE/plugins/com.st.stm32cube.ide.mcu.externaltools.gnu-tools-for-stm32.13.3.rel1.win32_1.0.0.202411081344/tools/bin/../lib/gcc/arm-none-eabi/13.3.1/../../../../arm-none-eabi/lib/thumb/v7e-m+fp/hard\libc_nano.a(libc_a-nano-vfprintf_i.o)
                0x08009dd8                _printf_common
 *fill*         0x08009eb2        0x2 
 .text._printf_i
                0x08009eb4      0x23c C:/ST/STM32CubeIDE_1.12.1/STM32CubeIDE/plugins/com.st.stm32cube.ide.mcu.externaltools.gnu-tools-for-stm32.13.3.rel1.win32_1.0.0.202411081344/tools/bin/../lib/gcc/arm-none-eabi/13.3.1/../../../../arm-none-eabi/lib/thumb/v7e-m+fp/hard\libc_nano.a(libc_a-nano-vfprintf_i.o)
                0x08009eb4                _printf_i
 .text.memmove  0x0800a0f0       0x34 C:/ST/STM32CubeIDE_1.12.1/STM32CubeIDE/plugins/com.st.stm32cube.ide.mcu.externaltools.gnu-tools-for-stm32.13.3.rel1.win32_1.0.0.202411081344/tools/bin/../lib/gcc/arm-none-eabi/13.3.1/../../../../arm-none-eabi/lib/thumb/v7e-m+fp/hard\libc_nano.a(libc_a-memmove.o)
                0x0800a0f0                memmove
 .text._sbrk_r  0x0800a124       0x20 C:/ST/STM32CubeIDE_1.12.1/STM32CubeIDE/plugins/com.st.stm32cube.ide.mcu.externaltools.gnu-tools-for-stm32.13.3.rel1.win32_1.0.0.202411081344/tools/bin/../lib/gcc/arm-none-eabi/13.3.1/../../../../arm-none-eabi/lib/thumb/v7e-m+fp/hard\libc_nano.a(libc_a-sbrkr.o)
                0x0800a124                _sbrk_r
 .text.memcpy   0x0800a144       0x1c C:/ST/STM32CubeIDE_1.12.1/STM32CubeIDE/plugins/com.st.stm32cube.ide.mcu.externaltools.gnu-tools-for-stm32.13.3.rel1.win32_1.0.0.202411081344/tools/bin/../lib/gcc/arm-none-eabi/13.3.1/../../../../arm-none-eabi/lib/thumb/v7e-m+fp/hard\libc_nano.a(libc_a-memcpy-stub.o)
                0x0800a144                memcpy
 .text._realloc_r
                0x0800a160       0x5c C:/ST/STM32CubeIDE_1.12.1/STM32CubeIDE/plugins/com.st.stm32cube.ide.mcu.externaltools.gnu-tools-for-stm32.13.3.rel1.win32_1.0.0.202411081344/tools/bin/../lib/gcc/arm-none-eabi/13.3.1/../../../../arm-none-eabi/lib/thumb/v7e-m+fp/hard\libc_nano.a(libc_a-reallocr.o)
                0x0800a160                _realloc_r
 .text._malloc_usable_size_r
                0x0800a1bc       0x10 C:/ST/STM32CubeIDE_1.12.1/STM32CubeIDE/plugins/com.st.stm32cube.ide.mcu.externaltools.gnu-tools-for-stm32.13.3.rel1.win32_1.0.0.202411081344/tools/bin/../lib/gcc/arm-none-eabi/13.3.1/../../../../arm-none-eabi/lib/thumb/v7e-m+fp/hard\libc_nano.a(libc_a-msizer.o)
                0x0800a1bc                _malloc_usable_size_r
 *fill*         0x0800a1cc        0x4 
 .text.sin      0x0800a1d0       0xa8 C:/ST/STM32CubeIDE_1.12.1/STM32CubeIDE/plugins/com.st.stm32cube.ide.mcu.externaltools.gnu-tools-for-stm32.13.3.rel1.win32_1.0.0.202411081344/tools/bin/../lib/gcc/arm-none-eabi/13.3.1/../../../../arm-none-eabi/lib/thumb/v7e-m+fp/hard\libm.a(libm_a-s_sin.o)
                0x0800a1d0                sin
 .text.__kernel_cos
                0x0800a278      0x18c C:/ST/STM32CubeIDE_1.12.1/STM32CubeIDE/plugins/com.st.stm32cube.ide.mcu.externaltools.gnu-tools-for-stm32.13.3.rel1.win32_1.0.0.202411081344/tools/bin/../lib/gcc/arm-none-eabi/13.3.1/../../../../arm-none-eabi/lib/thumb/v7e-m+fp/hard\libm.a(libm_a-k_cos.o)
                0x0800a278                __kernel_cos
 *fill*         0x0800a404        0x4 
 .text.__kernel_sin
                0x0800a408      0x174 C:/ST/STM32CubeIDE_1.12.1/STM32CubeIDE/plugins/com.st.stm32cube.ide.mcu.externaltools.gnu-tools-for-stm32.13.3.rel1.win32_1.0.0.202411081344/tools/bin/../lib/gcc/arm-none-eabi/13.3.1/../../../../arm-none-eabi/lib/thumb/v7e-m+fp/hard\libm.a(libm_a-k_sin.o)
                0x0800a408                __kernel_sin
 *fill*         0x0800a57c        0x4 
 .text.__ieee754_rem_pio2
                0x0800a580      0x3f8 C:/ST/STM32CubeIDE_1.12.1/STM32CubeIDE/plugins/com.st.stm32cube.ide.mcu.externaltools.gnu-tools-for-stm32.13.3.rel1.win32_1.0.0.202411081344/tools/bin/../lib/gcc/arm-none-eabi/13.3.1/../../../../arm-none-eabi/lib/thumb/v7e-m+fp/hard\libm.a(libm_a-e_rem_pio2.o)
                0x0800a580                __ieee754_rem_pio2
 .text.fabs     0x0800a978       0x10 C:/ST/STM32CubeIDE_1.12.1/STM32CubeIDE/plugins/com.st.stm32cube.ide.mcu.externaltools.gnu-tools-for-stm32.13.3.rel1.win32_1.0.0.202411081344/tools/bin/../lib/gcc/arm-none-eabi/13.3.1/../../../../arm-none-eabi/lib/thumb/v7e-m+fp/hard\libm.a(libm_a-s_fabs.o)
                0x0800a978                fabs
 .text.__kernel_rem_pio2
                0x0800a988      0x6a0 C:/ST/STM32CubeIDE_1.12.1/STM32CubeIDE/plugins/com.st.stm32cube.ide.mcu.externaltools.gnu-tools-for-stm32.13.3.rel1.win32_1.0.0.202411081344/tools/bin/../lib/gcc/arm-none-eabi/13.3.1/../../../../arm-none-eabi/lib/thumb/v7e-m+fp/hard\libm.a(libm_a-k_rem_pio2.o)
                0x0800a988                __kernel_rem_pio2
 .text.scalbn   0x0800b028       0xf4 C:/ST/STM32CubeIDE_1.12.1/STM32CubeIDE/plugins/com.st.stm32cube.ide.mcu.externaltools.gnu-tools-for-stm32.13.3.rel1.win32_1.0.0.202411081344/tools/bin/../lib/gcc/arm-none-eabi/13.3.1/../../../../arm-none-eabi/lib/thumb/v7e-m+fp/hard\libm.a(libm_a-s_scalbn.o)
                0x0800b028                scalbn
 *fill*         0x0800b11c        0x4 
 .text.floor    0x0800b120       0xf8 C:/ST/STM32CubeIDE_1.12.1/STM32CubeIDE/plugins/com.st.stm32cube.ide.mcu.externaltools.gnu-tools-for-stm32.13.3.rel1.win32_1.0.0.202411081344/tools/bin/../lib/gcc/arm-none-eabi/13.3.1/../../../../arm-none-eabi/lib/thumb/v7e-m+fp/hard\libm.a(libm_a-s_floor.o)
                0x0800b120                floor
 *(.glue_7)
 .glue_7        0x0800b218        0x0 linker stubs
 *(.glue_7t)
 .glue_7t       0x0800b218        0x0 linker stubs
 *(.eh_frame)
 .eh_frame      0x0800b218        0x0 C:/ST/STM32CubeIDE_1.12.1/STM32CubeIDE/plugins/com.st.stm32cube.ide.mcu.externaltools.gnu-tools-for-stm32.13.3.rel1.win32_1.0.0.202411081344/tools/bin/../lib/gcc/arm-none-eabi/13.3.1/thumb/v7e-m+fp/hard/crtbegin.o
 *(.init)
 .init          0x0800b218        0x4 C:/ST/STM32CubeIDE_1.12.1/STM32CubeIDE/plugins/com.st.stm32cube.ide.mcu.externaltools.gnu-tools-for-stm32.13.3.rel1.win32_1.0.0.202411081344/tools/bin/../lib/gcc/arm-none-eabi/13.3.1/thumb/v7e-m+fp/hard/crti.o
                0x0800b218                _init
 .init          0x0800b21c        0x8 C:/ST/STM32CubeIDE_1.12.1/STM32CubeIDE/plugins/com.st.stm32cube.ide.mcu.externaltools.gnu-tools-for-stm32.13.3.rel1.win32_1.0.0.202411081344/tools/bin/../lib/gcc/arm-none-eabi/13.3.1/thumb/v7e-m+fp/hard/crtn.o
 *(.fini)
 .fini          0x0800b224        0x4 C:/ST/STM32CubeIDE_1.12.1/STM32CubeIDE/plugins/com.st.stm32cube.ide.mcu.externaltools.gnu-tools-for-stm32.13.3.rel1.win32_1.0.0.202411081344/tools/bin/../lib/gcc/arm-none-eabi/13.3.1/thumb/v7e-m+fp/hard/crti.o
                0x0800b224                _fini
 .fini          0x0800b228        0x8 C:/ST/STM32CubeIDE_1.12.1/STM32CubeIDE/plugins/com.st.stm32cube.ide.mcu.externaltools.gnu-tools-for-stm32.13.3.rel1.win32_1.0.0.202411081344/tools/bin/../lib/gcc/arm-none-eabi/13.3.1/thumb/v7e-m+fp/hard/crtn.o
                0x0800b230                        . = ALIGN (0x4)
                0x0800b230                        _etext = .

.vfp11_veneer   0x0800b230        0x0
 .vfp11_veneer  0x0800b230        0x0 linker stubs

.v4_bx          0x0800b230        0x0
 .v4_bx         0x0800b230        0x0 linker stubs

.iplt           0x0800b230        0x0
 .iplt          0x0800b230        0x0 C:/ST/STM32CubeIDE_1.12.1/STM32CubeIDE/plugins/com.st.stm32cube.ide.mcu.externaltools.gnu-tools-for-stm32.13.3.rel1.win32_1.0.0.202411081344/tools/bin/../lib/gcc/arm-none-eabi/13.3.1/thumb/v7e-m+fp/hard/crtbegin.o

.rodata         0x0800b230     0x2ca8
                0x0800b230                        . = ALIGN (0x4)
 *(.rodata)
 .rodata        0x0800b230        0xe ./Core/Src/dogl128.o
 *fill*         0x0800b23e        0x2 
 .rodata        0x0800b240       0x32 ./Core/Src/main2.o
 *fill*         0x0800b272        0x2 
 .rodata        0x0800b274       0x97 ./Core/Src/menu.o
 *fill*         0x0800b30b        0x1 
 .rodata        0x0800b30c        0x9 ./Core/Src/mgui.o
 *fill*         0x0800b315        0x3 
 .rodata        0x0800b318      0x11e ./Core/Src/values.o
 *(.rodata*)
 *fill*         0x0800b436        0x2 
 .rodata.Font7x10
                0x0800b438      0x76c ./Core/Src/fonts.o
                0x0800b438                Font7x10
 .rodata.Font11x18
                0x0800bba4      0xd5c ./Core/Src/fonts.o
                0x0800bba4                Font11x18
 .rodata.Font16x26
                0x0800c900     0x134c ./Core/Src/fonts.o
                0x0800c900                Font16x26
 .rodata.AHBPrescTable
                0x0800dc4c       0x10 ./Core/Src/system_stm32f4xx.o
                0x0800dc4c                AHBPrescTable
 .rodata.APBPrescTable
                0x0800dc5c        0x8 ./Core/Src/system_stm32f4xx.o
                0x0800dc5c                APBPrescTable
 .rodata.max_values
                0x0800dc64       0x22 ./Core/Src/values.o
                0x0800dc64                max_values
 *fill*         0x0800dc86        0x2 
 .rodata.default_values
                0x0800dc88       0x22 ./Core/Src/values.o
                0x0800dc88                default_values
 *fill*         0x0800dcaa        0x2 
 .rodata.eeprom_address_values
                0x0800dcac       0x11 ./Core/Src/values.o
                0x0800dcac                eeprom_address_values
 *fill*         0x0800dcbd        0x3 
 .rodata.flagBitshiftOffset.0
                0x0800dcc0        0x8 ./Drivers/STM32F4xx_HAL_Driver/Src/stm32f4xx_hal_dma.o
 .rodata._svfprintf_r.str1.1
                0x0800dcc8       0x33 C:/ST/STM32CubeIDE_1.12.1/STM32CubeIDE/plugins/com.st.stm32cube.ide.mcu.externaltools.gnu-tools-for-stm32.13.3.rel1.win32_1.0.0.202411081344/tools/bin/../lib/gcc/arm-none-eabi/13.3.1/../../../../arm-none-eabi/lib/thumb/v7e-m+fp/hard\libc_nano.a(libc_a-nano-svfprintf.o)
                                 0x11 (size before relaxing)
 .rodata._printf_i.str1.1
                0x0800dcfb       0x22 C:/ST/STM32CubeIDE_1.12.1/STM32CubeIDE/plugins/com.st.stm32cube.ide.mcu.externaltools.gnu-tools-for-stm32.13.3.rel1.win32_1.0.0.202411081344/tools/bin/../lib/gcc/arm-none-eabi/13.3.1/../../../../arm-none-eabi/lib/thumb/v7e-m+fp/hard\libc_nano.a(libc_a-nano-vfprintf_i.o)
 *fill*         0x0800dcfb        0x1 
 .rodata.npio2_hw
                0x0800dcfc       0x80 C:/ST/STM32CubeIDE_1.12.1/STM32CubeIDE/plugins/com.st.stm32cube.ide.mcu.externaltools.gnu-tools-for-stm32.13.3.rel1.win32_1.0.0.202411081344/tools/bin/../lib/gcc/arm-none-eabi/13.3.1/../../../../arm-none-eabi/lib/thumb/v7e-m+fp/hard\libm.a(libm_a-e_rem_pio2.o)
 .rodata.two_over_pi
                0x0800dd7c      0x108 C:/ST/STM32CubeIDE_1.12.1/STM32CubeIDE/plugins/com.st.stm32cube.ide.mcu.externaltools.gnu-tools-for-stm32.13.3.rel1.win32_1.0.0.202411081344/tools/bin/../lib/gcc/arm-none-eabi/13.3.1/../../../../arm-none-eabi/lib/thumb/v7e-m+fp/hard\libm.a(libm_a-e_rem_pio2.o)
 *fill*         0x0800de84        0x4 
 .rodata.PIo2   0x0800de88       0x40 C:/ST/STM32CubeIDE_1.12.1/STM32CubeIDE/plugins/com.st.stm32cube.ide.mcu.externaltools.gnu-tools-for-stm32.13.3.rel1.win32_1.0.0.202411081344/tools/bin/../lib/gcc/arm-none-eabi/13.3.1/../../../../arm-none-eabi/lib/thumb/v7e-m+fp/hard\libm.a(libm_a-k_rem_pio2.o)
 .rodata.init_jk
                0x0800dec8       0x10 C:/ST/STM32CubeIDE_1.12.1/STM32CubeIDE/plugins/com.st.stm32cube.ide.mcu.externaltools.gnu-tools-for-stm32.13.3.rel1.win32_1.0.0.202411081344/tools/bin/../lib/gcc/arm-none-eabi/13.3.1/../../../../arm-none-eabi/lib/thumb/v7e-m+fp/hard\libm.a(libm_a-k_rem_pio2.o)
                0x0800ded8                        . = ALIGN (0x4)

.ARM.extab      0x0800ded8        0x0
                0x0800ded8                        . = ALIGN (0x4)
 *(.ARM.extab* .gnu.linkonce.armextab.*)
                0x0800ded8                        . = ALIGN (0x4)

.ARM            0x0800ded8        0x8
                0x0800ded8                        . = ALIGN (0x4)
                0x0800ded8                        __exidx_start = .
 *(.ARM.exidx*)
 .ARM.exidx     0x0800ded8        0x8 C:/ST/STM32CubeIDE_1.12.1/STM32CubeIDE/plugins/com.st.stm32cube.ide.mcu.externaltools.gnu-tools-for-stm32.13.3.rel1.win32_1.0.0.202411081344/tools/bin/../lib/gcc/arm-none-eabi/13.3.1/../../../../arm-none-eabi/lib/thumb/v7e-m+fp/hard\libc_nano.a(libc_a-memchr.o)
 .ARM.exidx     0x0800dee0        0x0 C:/ST/STM32CubeIDE_1.12.1/STM32CubeIDE/plugins/com.st.stm32cube.ide.mcu.externaltools.gnu-tools-for-stm32.13.3.rel1.win32_1.0.0.202411081344/tools/bin/../lib/gcc/arm-none-eabi/13.3.1/thumb/v7e-m+fp/hard\libgcc.a(_udivmoddi4.o)
                                  0x8 (size before relaxing)
                0x0800dee0                        __exidx_end = .
                0x0800dee0                        . = ALIGN (0x4)

.preinit_array  0x0800dee0        0x0
                0x0800dee0                        . = ALIGN (0x4)
                0x0800dee0                        PROVIDE (__preinit_array_start = .)
 *(.preinit_array*)
                0x0800dee0                        PROVIDE (__preinit_array_end = .)
                0x0800dee0                        . = ALIGN (0x4)

.init_array     0x0800dee0        0x4
                0x0800dee0                        . = ALIGN (0x4)
                0x0800dee0                        PROVIDE (__init_array_start = .)
 *(SORT_BY_NAME(.init_array.*))
 *(.init_array*)
 .init_array    0x0800dee0        0x4 C:/ST/STM32CubeIDE_1.12.1/STM32CubeIDE/plugins/com.st.stm32cube.ide.mcu.externaltools.gnu-tools-for-stm32.13.3.rel1.win32_1.0.0.202411081344/tools/bin/../lib/gcc/arm-none-eabi/13.3.1/thumb/v7e-m+fp/hard/crtbegin.o
                0x0800dee4                        PROVIDE (__init_array_end = .)
                0x0800dee4                        . = ALIGN (0x4)

.fini_array     0x0800dee4        0x4
                0x0800dee4                        . = ALIGN (0x4)
                [!provide]                        PROVIDE (__fini_array_start = .)
 *(SORT_BY_NAME(.fini_array.*))
 *(.fini_array*)
 .fini_array    0x0800dee4        0x4 C:/ST/STM32CubeIDE_1.12.1/STM32CubeIDE/plugins/com.st.stm32cube.ide.mcu.externaltools.gnu-tools-for-stm32.13.3.rel1.win32_1.0.0.202411081344/tools/bin/../lib/gcc/arm-none-eabi/13.3.1/thumb/v7e-m+fp/hard/crtbegin.o
                [!provide]                        PROVIDE (__fini_array_end = .)
                0x0800dee8                        . = ALIGN (0x4)
                0x0800dee8                        _sidata = LOADADDR (.data)

.rel.dyn        0x0800dee8        0x0
 .rel.iplt      0x0800dee8        0x0 C:/ST/STM32CubeIDE_1.12.1/STM32CubeIDE/plugins/com.st.stm32cube.ide.mcu.externaltools.gnu-tools-for-stm32.13.3.rel1.win32_1.0.0.202411081344/tools/bin/../lib/gcc/arm-none-eabi/13.3.1/thumb/v7e-m+fp/hard/crtbegin.o

.data           0x20000000       0xd8 load address 0x0800dee8
                0x20000000                        . = ALIGN (0x4)
                0x20000000                        _sdata = .
 *(.data)
 *(.data*)
 .data.buffer.0
                0x20000000        0x3 ./Core/Src/dogl128.o
 *fill*         0x20000003        0x1 
 .data.Font_7x10
                0x20000004        0x8 ./Core/Src/fonts.o
                0x20000004                Font_7x10
 .data.Font_11x18
                0x2000000c        0x8 ./Core/Src/fonts.o
                0x2000000c                Font_11x18
 .data.Font_16x26
                0x20000014        0x8 ./Core/Src/fonts.o
                0x20000014                Font_16x26
 .data.tca9534_ready
                0x2000001c        0x1 ./Core/Src/main2.o
                0x2000001c                tca9534_ready
 *fill*         0x2000001d        0x3 
 .data.encoder_counter.9
                0x20000020        0x4 ./Core/Src/menu.o
 .data.encoder_counter_old.8
                0x20000024        0x4 ./Core/Src/menu.o
 .data.previous_mode.3
                0x20000028        0x1 ./Core/Src/menu.o
 *fill*         0x20000029        0x1 
 .data.previous_encoder.2
                0x2000002a        0x2 ./Core/Src/menu.o
 .data.SystemCoreClock
                0x2000002c        0x4 ./Core/Src/system_stm32f4xx.o
                0x2000002c                SystemCoreClock
 .data.setup_strings
                0x20000030       0x48 ./Core/Src/values.o
                0x20000030                setup_strings
 .data.num_points
                0x20000078        0x2 ./Core/Src/vfd.o
                0x20000078                num_points
 *fill*         0x2000007a        0x2 
 .data.amplitudeDivider
                0x2000007c        0x4 ./Core/Src/vfd.o
                0x2000007c                amplitudeDivider
 .data.uwTickPrio
                0x20000080        0x4 ./Drivers/STM32F4xx_HAL_Driver/Src/stm32f4xx_hal.o
                0x20000080                uwTickPrio
 .data.uwTickFreq
                0x20000084        0x1 ./Drivers/STM32F4xx_HAL_Driver/Src/stm32f4xx_hal.o
                0x20000084                uwTickFreq
 *fill*         0x20000085        0x3 
 .data._impure_ptr
                0x20000088        0x4 C:/ST/STM32CubeIDE_1.12.1/STM32CubeIDE/plugins/com.st.stm32cube.ide.mcu.externaltools.gnu-tools-for-stm32.13.3.rel1.win32_1.0.0.202411081344/tools/bin/../lib/gcc/arm-none-eabi/13.3.1/../../../../arm-none-eabi/lib/thumb/v7e-m+fp/hard\libc_nano.a(libc_a-impure.o)
                0x20000088                _impure_ptr
 .data._impure_data
                0x2000008c       0x4c C:/ST/STM32CubeIDE_1.12.1/STM32CubeIDE/plugins/com.st.stm32cube.ide.mcu.externaltools.gnu-tools-for-stm32.13.3.rel1.win32_1.0.0.202411081344/tools/bin/../lib/gcc/arm-none-eabi/13.3.1/../../../../arm-none-eabi/lib/thumb/v7e-m+fp/hard\libc_nano.a(libc_a-impure.o)
                0x2000008c                _impure_data
 *(.RamFunc)
 *(.RamFunc*)
                0x200000d8                        . = ALIGN (0x4)
                0x200000d8                        _edata = .
                0x0800dfc0                        _siccmram = LOADADDR (.ccmram)

.igot.plt       0x200000d8        0x0 load address 0x0800dfc0
 .igot.plt      0x200000d8        0x0 C:/ST/STM32CubeIDE_1.12.1/STM32CubeIDE/plugins/com.st.stm32cube.ide.mcu.externaltools.gnu-tools-for-stm32.13.3.rel1.win32_1.0.0.202411081344/tools/bin/../lib/gcc/arm-none-eabi/13.3.1/thumb/v7e-m+fp/hard/crtbegin.o

.ccmram         0x10000000        0x0 load address 0x0800dfc0
                0x10000000                        . = ALIGN (0x4)
                0x10000000                        _sccmram = .
 *(.ccmram)
 *(.ccmram*)
                0x10000000                        . = ALIGN (0x4)
                0x10000000                        _eccmram = .
                0x10000000                        . = ALIGN (0x4)

.bss            0x200000d8     0x4aa4
                0x200000d8                        _sbss = .
                0x200000d8                        __bss_start__ = _sbss
 *(.bss)
 .bss           0x200000d8       0x1c C:/ST/STM32CubeIDE_1.12.1/STM32CubeIDE/plugins/com.st.stm32cube.ide.mcu.externaltools.gnu-tools-for-stm32.13.3.rel1.win32_1.0.0.202411081344/tools/bin/../lib/gcc/arm-none-eabi/13.3.1/thumb/v7e-m+fp/hard/crtbegin.o
 *(.bss*)
 .bss.adc_buf   0x200000f4        0x8 ./Core/Src/adc.o
                0x200000f4                adc_buf
 .bss.adc_val_v_in
                0x200000fc        0x2 ./Core/Src/adc.o
                0x200000fc                adc_val_v_in
 .bss.adc_val_i_in
                0x200000fe        0x2 ./Core/Src/adc.o
                0x200000fe                adc_val_i_in
 .bss.adc_val_vref
                0x20000100        0x2 ./Core/Src/adc.o
                0x20000100                adc_val_vref
 .bss.adc_val_v_bus
                0x20000102        0x2 ./Core/Src/adc.o
                0x20000102                adc_val_v_bus
 .bss.hadc1     0x20000104       0x48 ./Core/Src/main.o
                0x20000104                hadc1
 .bss.hdma_adc1
                0x2000014c       0x60 ./Core/Src/main.o
                0x2000014c                hdma_adc1
 .bss.hi2c3     0x200001ac       0x54 ./Core/Src/main.o
                0x200001ac                hi2c3
 .bss.hiwdg     0x20000200        0xc ./Core/Src/main.o
                0x20000200                hiwdg
 .bss.hspi3     0x2000020c       0x58 ./Core/Src/main.o
                0x2000020c                hspi3
 .bss.htim1     0x20000264       0x48 ./Core/Src/main.o
                0x20000264                htim1
 .bss.htim2     0x200002ac       0x48 ./Core/Src/main.o
                0x200002ac                htim2
 .bss.htim4     0x200002f4       0x48 ./Core/Src/main.o
                0x200002f4                htim4
 .bss.htim12    0x2000033c       0x48 ./Core/Src/main.o
                0x2000033c                htim12
 .bss.htim14    0x20000384       0x48 ./Core/Src/main.o
                0x20000384                htim14
 .bss.huart2    0x200003cc       0x48 ./Core/Src/main.o
                0x200003cc                huart2
 .bss.main_clk_freq
                0x20000414        0x4 ./Core/Src/main2.o
                0x20000414                main_clk_freq
 .bss.maximal_encoder_value
                0x20000418        0x2 ./Core/Src/menu.o
                0x20000418                maximal_encoder_value
 *fill*         0x2000041a        0x2 
 .bss.encoder_setup
                0x2000041c        0x4 ./Core/Src/menu.o
                0x2000041c                encoder_setup
 .bss.encoder_accumulator.7
                0x20000420        0x4 ./Core/Src/menu.o
 .bss.encoder_set_freq.6
                0x20000424        0x4 ./Core/Src/menu.o
 .bss.pb_ok_value.5
                0x20000428        0x1 ./Core/Src/menu.o
 .bss.mode.4    0x20000429        0x1 ./Core/Src/menu.o
 .bss.pb_ok_value_old.1
                0x2000042a        0x1 ./Core/Src/menu.o
 .bss.selected_parameter.0
                0x2000042b        0x1 ./Core/Src/menu.o
 .bss.Frame_Buffer
                0x2000042c      0x400 ./Core/Src/mgui.o
 .bss.Display   0x2000082c        0x6 ./Core/Src/mgui.o
 *fill*         0x20000832        0x2 
 .bss.__sbrk_heap_end
                0x20000834        0x4 ./Core/Src/sysmem.o
 .bss.motor_status
                0x20000838        0x1 ./Core/Src/values.o
                0x20000838                motor_status
 .bss.parameter_changed_flag
                0x20000839        0x1 ./Core/Src/values.o
                0x20000839                parameter_changed_flag
 *fill*         0x2000083a        0x2 
 .bss.bus_voltage_meas
                0x2000083c        0x4 ./Core/Src/values.o
                0x2000083c                bus_voltage_meas
 .bss.motor_voltage_temp
                0x20000840        0x2 ./Core/Src/values.o
                0x20000840                motor_voltage_temp
 .bss.p00_freq_nominal
                0x20000842        0x2 ./Core/Src/values.o
                0x20000842                p00_freq_nominal
 .bss.p01_voltage_nominal
                0x20000844        0x2 ./Core/Src/values.o
                0x20000844                p01_voltage_nominal
 .bss.p04_accel_rate
                0x20000846        0x2 ./Core/Src/values.o
                0x20000846                p04_accel_rate
 .bss.p05_decel_rate
                0x20000848        0x2 ./Core/Src/values.o
                0x20000848                p05_decel_rate
 .bss.p06_freq_source
                0x2000084a        0x1 ./Core/Src/values.o
                0x2000084a                p06_freq_source
 .bss.p07_stop_mode
                0x2000084b        0x1 ./Core/Src/values.o
                0x2000084b                p07_stop_mode
 .bss.p08_in_a_function
                0x2000084c        0x1 ./Core/Src/values.o
                0x2000084c                p08_in_a_function
 .bss.p09_in_b_function
                0x2000084d        0x1 ./Core/Src/values.o
                0x2000084d                p09_in_b_function
 .bss.p10_in_c_function
                0x2000084e        0x1 ./Core/Src/values.o
                0x2000084e                p10_in_c_function
 .bss.p11_in_d_function
                0x2000084f        0x1 ./Core/Src/values.o
                0x2000084f                p11_in_d_function
 .bss.p12_in_e_function
                0x20000850        0x1 ./Core/Src/values.o
                0x20000850                p12_in_e_function
 .bss.p13_reverse_forbid
                0x20000851        0x1 ./Core/Src/values.o
                0x20000851                p13_reverse_forbid
 .bss.p14_analog_in_range
                0x20000852        0x1 ./Core/Src/values.o
                0x20000852                p14_analog_in_range
 *fill*         0x20000853        0x1 
 .bss.p15_jump_freq
                0x20000854        0x2 ./Core/Src/values.o
                0x20000854                p15_jump_freq
 .bss.p16_jump_rng
                0x20000856        0x1 ./Core/Src/values.o
                0x20000856                p16_jump_rng
 *fill*         0x20000857        0x1 
 .bss.param     0x20000858      0x1b0 ./Core/Src/values.o
                0x20000858                param
 .bss.actual_frequency_display
                0x20000a08        0x2 ./Core/Src/values.o
                0x20000a08                actual_frequency_display
 .bss.emergency_off
                0x20000a0a        0x1 ./Core/Src/values.o
                0x20000a0a                emergency_off
 .bss.pb_pressed_fwd
                0x20000a0b        0x1 ./Core/Src/values.o
                0x20000a0b                pb_pressed_fwd
 .bss.pb_pressed_rev
                0x20000a0c        0x1 ./Core/Src/values.o
                0x20000a0c                pb_pressed_rev
 .bss.pb_pressed_stop
                0x20000a0d        0x1 ./Core/Src/values.o
                0x20000a0d                pb_pressed_stop
 .bss.pb_pressed_menu
                0x20000a0e        0x1 ./Core/Src/values.o
                0x20000a0e                pb_pressed_menu
 *fill*         0x20000a0f        0x1 
 .bss.set_frequency
                0x20000a10        0x2 ./Core/Src/values.o
                0x20000a10                set_frequency
 .bss.timers_started
                0x20000a12        0x1 ./Core/Src/vfd.o
                0x20000a12                timers_started
 *fill*         0x20000a13        0x1 
 .bss.point_count
                0x20000a14        0x2 ./Core/Src/vfd.o
                0x20000a14                point_count
 *fill*         0x20000a16        0x2 
 .bss.lut       0x20000a18     0x4000 ./Core/Src/vfd.o
                0x20000a18                lut
 .bss.vfd_direction
                0x20004a18        0x1 ./Core/Src/vfd.o
                0x20004a18                vfd_direction
 *fill*         0x20004a19        0x1 
 .bss.actual_frequency
                0x20004a1a        0x2 ./Core/Src/vfd.o
                0x20004a1a                actual_frequency
 .bss.stop_mode_flag.7
                0x20004a1c        0x1 ./Core/Src/vfd.o
 *fill*         0x20004a1d        0x3 
 .bss.last_tick.6
                0x20004a20        0x4 ./Core/Src/vfd.o
 .bss.current_frequency.5
                0x20004a24        0x2 ./Core/Src/vfd.o
 .bss.offset_120deg.4
                0x20004a26        0x2 ./Core/Src/vfd.o
 .bss.index.3   0x20004a28        0x2 ./Core/Src/vfd.o
 .bss.ph1.2     0x20004a2a        0x2 ./Core/Src/vfd.o
 .bss.ph2.1     0x20004a2c        0x2 ./Core/Src/vfd.o
 .bss.ph3.0     0x20004a2e        0x2 ./Core/Src/vfd.o
 .bss.uwTick    0x20004a30        0x4 ./Drivers/STM32F4xx_HAL_Driver/Src/stm32f4xx_hal.o
                0x20004a30                uwTick
 .bss.__sf      0x20004a34      0x138 C:/ST/STM32CubeIDE_1.12.1/STM32CubeIDE/plugins/com.st.stm32cube.ide.mcu.externaltools.gnu-tools-for-stm32.13.3.rel1.win32_1.0.0.202411081344/tools/bin/../lib/gcc/arm-none-eabi/13.3.1/../../../../arm-none-eabi/lib/thumb/v7e-m+fp/hard\libc_nano.a(libc_a-findfp.o)
                0x20004a34                __sf
 .bss.errno     0x20004b6c        0x4 C:/ST/STM32CubeIDE_1.12.1/STM32CubeIDE/plugins/com.st.stm32cube.ide.mcu.externaltools.gnu-tools-for-stm32.13.3.rel1.win32_1.0.0.202411081344/tools/bin/../lib/gcc/arm-none-eabi/13.3.1/../../../../arm-none-eabi/lib/thumb/v7e-m+fp/hard\libc_nano.a(libc_a-reent.o)
                0x20004b6c                errno
 .bss.__lock___malloc_recursive_mutex
                0x20004b70        0x1 C:/ST/STM32CubeIDE_1.12.1/STM32CubeIDE/plugins/com.st.stm32cube.ide.mcu.externaltools.gnu-tools-for-stm32.13.3.rel1.win32_1.0.0.202411081344/tools/bin/../lib/gcc/arm-none-eabi/13.3.1/../../../../arm-none-eabi/lib/thumb/v7e-m+fp/hard\libc_nano.a(libc_a-lock.o)
                0x20004b70                __lock___malloc_recursive_mutex
 *fill*         0x20004b71        0x3 
 .bss.__malloc_sbrk_start
                0x20004b74        0x4 C:/ST/STM32CubeIDE_1.12.1/STM32CubeIDE/plugins/com.st.stm32cube.ide.mcu.externaltools.gnu-tools-for-stm32.13.3.rel1.win32_1.0.0.202411081344/tools/bin/../lib/gcc/arm-none-eabi/13.3.1/../../../../arm-none-eabi/lib/thumb/v7e-m+fp/hard\libc_nano.a(libc_a-mallocr.o)
                0x20004b74                __malloc_sbrk_start
 .bss.__malloc_free_list
                0x20004b78        0x4 C:/ST/STM32CubeIDE_1.12.1/STM32CubeIDE/plugins/com.st.stm32cube.ide.mcu.externaltools.gnu-tools-for-stm32.13.3.rel1.win32_1.0.0.202411081344/tools/bin/../lib/gcc/arm-none-eabi/13.3.1/../../../../arm-none-eabi/lib/thumb/v7e-m+fp/hard\libc_nano.a(libc_a-mallocr.o)
                0x20004b78                __malloc_free_list
 *(COMMON)
                0x20004b7c                        . = ALIGN (0x4)
                0x20004b7c                        _ebss = .
                0x20004b7c                        __bss_end__ = _ebss

._user_heap_stack
                0x20004b7c      0x604
                0x20004b80                        . = ALIGN (0x8)
 *fill*         0x20004b7c        0x4 
                [!provide]                        PROVIDE (end = .)
                0x20004b80                        PROVIDE (_end = .)
                0x20004d80                        . = (. + _Min_Heap_Size)
 *fill*         0x20004b80      0x200 
                0x20005180                        . = (. + _Min_Stack_Size)
 *fill*         0x20004d80      0x400 
                0x20005180                        . = ALIGN (0x8)

/DISCARD/
 libc.a(*)
 libm.a(*)
 libgcc.a(*)

.ARM.attributes
                0x00000000       0x30
 *(.ARM.attributes)
 .ARM.attributes
                0x00000000       0x22 C:/ST/STM32CubeIDE_1.12.1/STM32CubeIDE/plugins/com.st.stm32cube.ide.mcu.externaltools.gnu-tools-for-stm32.13.3.rel1.win32_1.0.0.202411081344/tools/bin/../lib/gcc/arm-none-eabi/13.3.1/thumb/v7e-m+fp/hard/crti.o
 .ARM.attributes
                0x00000022       0x34 C:/ST/STM32CubeIDE_1.12.1/STM32CubeIDE/plugins/com.st.stm32cube.ide.mcu.externaltools.gnu-tools-for-stm32.13.3.rel1.win32_1.0.0.202411081344/tools/bin/../lib/gcc/arm-none-eabi/13.3.1/thumb/v7e-m+fp/hard/crtbegin.o
 .ARM.attributes
                0x00000056       0x34 ./Core/Src/adc.o
 .ARM.attributes
                0x0000008a       0x34 ./Core/Src/diagnosis.o
 .ARM.attributes
                0x000000be       0x34 ./Core/Src/dogl128.o
 .ARM.attributes
                0x000000f2       0x34 ./Core/Src/eeprom.o
 .ARM.attributes
                0x00000126       0x34 ./Core/Src/fonts.o
 .ARM.attributes
                0x0000015a       0x34 ./Core/Src/gpio.o
 .ARM.attributes
                0x0000018e       0x34 ./Core/Src/main.o
 .ARM.attributes
                0x000001c2       0x34 ./Core/Src/main2.o
 .ARM.attributes
                0x000001f6       0x34 ./Core/Src/menu.o
 .ARM.attributes
                0x0000022a       0x34 ./Core/Src/mgui.o
 .ARM.attributes
                0x0000025e       0x34 ./Core/Src/stm32f4xx_hal_msp.o
 .ARM.attributes
                0x00000292       0x34 ./Core/Src/stm32f4xx_it.o
 .ARM.attributes
                0x000002c6       0x34 ./Core/Src/sysmem.o
 .ARM.attributes
                0x000002fa       0x34 ./Core/Src/system_stm32f4xx.o
 .ARM.attributes
                0x0000032e       0x34 ./Core/Src/tca9534.o
 .ARM.attributes
                0x00000362       0x34 ./Core/Src/values.o
 .ARM.attributes
                0x00000396       0x34 ./Core/Src/vfd.o
 .ARM.attributes
                0x000003ca       0x21 ./Core/Startup/startup_stm32f407vetx.o
 .ARM.attributes
                0x000003eb       0x34 ./Drivers/STM32F4xx_HAL_Driver/Src/stm32f4xx_hal.o
 .ARM.attributes
                0x0000041f       0x34 ./Drivers/STM32F4xx_HAL_Driver/Src/stm32f4xx_hal_adc.o
 .ARM.attributes
                0x00000453       0x34 ./Drivers/STM32F4xx_HAL_Driver/Src/stm32f4xx_hal_adc_ex.o
 .ARM.attributes
                0x00000487       0x34 ./Drivers/STM32F4xx_HAL_Driver/Src/stm32f4xx_hal_cortex.o
 .ARM.attributes
                0x000004bb       0x34 ./Drivers/STM32F4xx_HAL_Driver/Src/stm32f4xx_hal_dma.o
 .ARM.attributes
                0x000004ef       0x34 ./Drivers/STM32F4xx_HAL_Driver/Src/stm32f4xx_hal_gpio.o
 .ARM.attributes
                0x00000523       0x34 ./Drivers/STM32F4xx_HAL_Driver/Src/stm32f4xx_hal_i2c.o
 .ARM.attributes
                0x00000557       0x34 ./Drivers/STM32F4xx_HAL_Driver/Src/stm32f4xx_hal_iwdg.o
 .ARM.attributes
                0x0000058b       0x34 ./Drivers/STM32F4xx_HAL_Driver/Src/stm32f4xx_hal_rcc.o
 .ARM.attributes
                0x000005bf       0x34 ./Drivers/STM32F4xx_HAL_Driver/Src/stm32f4xx_hal_spi.o
 .ARM.attributes
                0x000005f3       0x34 ./Drivers/STM32F4xx_HAL_Driver/Src/stm32f4xx_hal_tim.o
 .ARM.attributes
                0x00000627       0x34 ./Drivers/STM32F4xx_HAL_Driver/Src/stm32f4xx_hal_tim_ex.o
 .ARM.attributes
                0x0000065b       0x34 ./Drivers/STM32F4xx_HAL_Driver/Src/stm32f4xx_hal_uart.o
 .ARM.attributes
                0x0000068f       0x34 C:/ST/STM32CubeIDE_1.12.1/STM32CubeIDE/plugins/com.st.stm32cube.ide.mcu.externaltools.gnu-tools-for-stm32.13.3.rel1.win32_1.0.0.202411081344/tools/bin/../lib/gcc/arm-none-eabi/13.3.1/../../../../arm-none-eabi/lib/thumb/v7e-m+fp/hard\libc_nano.a(libc_a-findfp.o)
 .ARM.attributes
                0x000006c3       0x34 C:/ST/STM32CubeIDE_1.12.1/STM32CubeIDE/plugins/com.st.stm32cube.ide.mcu.externaltools.gnu-tools-for-stm32.13.3.rel1.win32_1.0.0.202411081344/tools/bin/../lib/gcc/arm-none-eabi/13.3.1/../../../../arm-none-eabi/lib/thumb/v7e-m+fp/hard\libc_nano.a(libc_a-snprintf.o)
 .ARM.attributes
                0x000006f7       0x34 C:/ST/STM32CubeIDE_1.12.1/STM32CubeIDE/plugins/com.st.stm32cube.ide.mcu.externaltools.gnu-tools-for-stm32.13.3.rel1.win32_1.0.0.202411081344/tools/bin/../lib/gcc/arm-none-eabi/13.3.1/../../../../arm-none-eabi/lib/thumb/v7e-m+fp/hard\libc_nano.a(libc_a-sprintf.o)
 .ARM.attributes
                0x0000072b       0x34 C:/ST/STM32CubeIDE_1.12.1/STM32CubeIDE/plugins/com.st.stm32cube.ide.mcu.externaltools.gnu-tools-for-stm32.13.3.rel1.win32_1.0.0.202411081344/tools/bin/../lib/gcc/arm-none-eabi/13.3.1/../../../../arm-none-eabi/lib/thumb/v7e-m+fp/hard\libc_nano.a(libc_a-memset.o)
 .ARM.attributes
                0x0000075f       0x34 C:/ST/STM32CubeIDE_1.12.1/STM32CubeIDE/plugins/com.st.stm32cube.ide.mcu.externaltools.gnu-tools-for-stm32.13.3.rel1.win32_1.0.0.202411081344/tools/bin/../lib/gcc/arm-none-eabi/13.3.1/../../../../arm-none-eabi/lib/thumb/v7e-m+fp/hard\libc_nano.a(libc_a-strncpy.o)
 .ARM.attributes
                0x00000793       0x34 C:/ST/STM32CubeIDE_1.12.1/STM32CubeIDE/plugins/com.st.stm32cube.ide.mcu.externaltools.gnu-tools-for-stm32.13.3.rel1.win32_1.0.0.202411081344/tools/bin/../lib/gcc/arm-none-eabi/13.3.1/../../../../arm-none-eabi/lib/thumb/v7e-m+fp/hard\libc_nano.a(libc_a-reent.o)
 .ARM.attributes
                0x000007c7       0x34 C:/ST/STM32CubeIDE_1.12.1/STM32CubeIDE/plugins/com.st.stm32cube.ide.mcu.externaltools.gnu-tools-for-stm32.13.3.rel1.win32_1.0.0.202411081344/tools/bin/../lib/gcc/arm-none-eabi/13.3.1/../../../../arm-none-eabi/lib/thumb/v7e-m+fp/hard\libc_nano.a(libc_a-impure.o)
 .ARM.attributes
                0x000007fb       0x34 C:/ST/STM32CubeIDE_1.12.1/STM32CubeIDE/plugins/com.st.stm32cube.ide.mcu.externaltools.gnu-tools-for-stm32.13.3.rel1.win32_1.0.0.202411081344/tools/bin/../lib/gcc/arm-none-eabi/13.3.1/../../../../arm-none-eabi/lib/thumb/v7e-m+fp/hard\libc_nano.a(libc_a-errno.o)
 .ARM.attributes
                0x0000082f       0x34 C:/ST/STM32CubeIDE_1.12.1/STM32CubeIDE/plugins/com.st.stm32cube.ide.mcu.externaltools.gnu-tools-for-stm32.13.3.rel1.win32_1.0.0.202411081344/tools/bin/../lib/gcc/arm-none-eabi/13.3.1/../../../../arm-none-eabi/lib/thumb/v7e-m+fp/hard\libc_nano.a(libc_a-init.o)
 .ARM.attributes
                0x00000863       0x34 C:/ST/STM32CubeIDE_1.12.1/STM32CubeIDE/plugins/com.st.stm32cube.ide.mcu.externaltools.gnu-tools-for-stm32.13.3.rel1.win32_1.0.0.202411081344/tools/bin/../lib/gcc/arm-none-eabi/13.3.1/../../../../arm-none-eabi/lib/thumb/v7e-m+fp/hard\libc_nano.a(libc_a-lock.o)
 .ARM.attributes
                0x00000897       0x34 C:/ST/STM32CubeIDE_1.12.1/STM32CubeIDE/plugins/com.st.stm32cube.ide.mcu.externaltools.gnu-tools-for-stm32.13.3.rel1.win32_1.0.0.202411081344/tools/bin/../lib/gcc/arm-none-eabi/13.3.1/../../../../arm-none-eabi/lib/thumb/v7e-m+fp/hard\libc_nano.a(libc_a-freer.o)
 .ARM.attributes
                0x000008cb       0x34 C:/ST/STM32CubeIDE_1.12.1/STM32CubeIDE/plugins/com.st.stm32cube.ide.mcu.externaltools.gnu-tools-for-stm32.13.3.rel1.win32_1.0.0.202411081344/tools/bin/../lib/gcc/arm-none-eabi/13.3.1/../../../../arm-none-eabi/lib/thumb/v7e-m+fp/hard\libc_nano.a(libc_a-mallocr.o)
 .ARM.attributes
                0x000008ff       0x34 C:/ST/STM32CubeIDE_1.12.1/STM32CubeIDE/plugins/com.st.stm32cube.ide.mcu.externaltools.gnu-tools-for-stm32.13.3.rel1.win32_1.0.0.202411081344/tools/bin/../lib/gcc/arm-none-eabi/13.3.1/../../../../arm-none-eabi/lib/thumb/v7e-m+fp/hard\libc_nano.a(libc_a-mlock.o)
 .ARM.attributes
                0x00000933       0x34 C:/ST/STM32CubeIDE_1.12.1/STM32CubeIDE/plugins/com.st.stm32cube.ide.mcu.externaltools.gnu-tools-for-stm32.13.3.rel1.win32_1.0.0.202411081344/tools/bin/../lib/gcc/arm-none-eabi/13.3.1/../../../../arm-none-eabi/lib/thumb/v7e-m+fp/hard\libc_nano.a(libc_a-nano-svfprintf.o)
 .ARM.attributes
                0x00000967       0x34 C:/ST/STM32CubeIDE_1.12.1/STM32CubeIDE/plugins/com.st.stm32cube.ide.mcu.externaltools.gnu-tools-for-stm32.13.3.rel1.win32_1.0.0.202411081344/tools/bin/../lib/gcc/arm-none-eabi/13.3.1/../../../../arm-none-eabi/lib/thumb/v7e-m+fp/hard\libc_nano.a(libc_a-nano-vfprintf_i.o)
 .ARM.attributes
                0x0000099b       0x34 C:/ST/STM32CubeIDE_1.12.1/STM32CubeIDE/plugins/com.st.stm32cube.ide.mcu.externaltools.gnu-tools-for-stm32.13.3.rel1.win32_1.0.0.202411081344/tools/bin/../lib/gcc/arm-none-eabi/13.3.1/../../../../arm-none-eabi/lib/thumb/v7e-m+fp/hard\libc_nano.a(libc_a-memmove.o)
 .ARM.attributes
                0x000009cf       0x34 C:/ST/STM32CubeIDE_1.12.1/STM32CubeIDE/plugins/com.st.stm32cube.ide.mcu.externaltools.gnu-tools-for-stm32.13.3.rel1.win32_1.0.0.202411081344/tools/bin/../lib/gcc/arm-none-eabi/13.3.1/../../../../arm-none-eabi/lib/thumb/v7e-m+fp/hard\libc_nano.a(libc_a-sbrkr.o)
 .ARM.attributes
                0x00000a03       0x1c C:/ST/STM32CubeIDE_1.12.1/STM32CubeIDE/plugins/com.st.stm32cube.ide.mcu.externaltools.gnu-tools-for-stm32.13.3.rel1.win32_1.0.0.202411081344/tools/bin/../lib/gcc/arm-none-eabi/13.3.1/../../../../arm-none-eabi/lib/thumb/v7e-m+fp/hard\libc_nano.a(libc_a-memchr.o)
 .ARM.attributes
                0x00000a1f       0x34 C:/ST/STM32CubeIDE_1.12.1/STM32CubeIDE/plugins/com.st.stm32cube.ide.mcu.externaltools.gnu-tools-for-stm32.13.3.rel1.win32_1.0.0.202411081344/tools/bin/../lib/gcc/arm-none-eabi/13.3.1/../../../../arm-none-eabi/lib/thumb/v7e-m+fp/hard\libc_nano.a(libc_a-memcpy-stub.o)
 .ARM.attributes
                0x00000a53       0x34 C:/ST/STM32CubeIDE_1.12.1/STM32CubeIDE/plugins/com.st.stm32cube.ide.mcu.externaltools.gnu-tools-for-stm32.13.3.rel1.win32_1.0.0.202411081344/tools/bin/../lib/gcc/arm-none-eabi/13.3.1/../../../../arm-none-eabi/lib/thumb/v7e-m+fp/hard\libc_nano.a(libc_a-reallocr.o)
 .ARM.attributes
                0x00000a87       0x34 C:/ST/STM32CubeIDE_1.12.1/STM32CubeIDE/plugins/com.st.stm32cube.ide.mcu.externaltools.gnu-tools-for-stm32.13.3.rel1.win32_1.0.0.202411081344/tools/bin/../lib/gcc/arm-none-eabi/13.3.1/../../../../arm-none-eabi/lib/thumb/v7e-m+fp/hard\libc_nano.a(libc_a-msizer.o)
 .ARM.attributes
                0x00000abb       0x34 C:/ST/STM32CubeIDE_1.12.1/STM32CubeIDE/plugins/com.st.stm32cube.ide.mcu.externaltools.gnu-tools-for-stm32.13.3.rel1.win32_1.0.0.202411081344/tools/bin/../lib/gcc/arm-none-eabi/13.3.1/../../../../arm-none-eabi/lib/thumb/v7e-m+fp/hard\libm.a(libm_a-s_sin.o)
 .ARM.attributes
                0x00000aef       0x34 C:/ST/STM32CubeIDE_1.12.1/STM32CubeIDE/plugins/com.st.stm32cube.ide.mcu.externaltools.gnu-tools-for-stm32.13.3.rel1.win32_1.0.0.202411081344/tools/bin/../lib/gcc/arm-none-eabi/13.3.1/../../../../arm-none-eabi/lib/thumb/v7e-m+fp/hard\libm.a(libm_a-k_cos.o)
 .ARM.attributes
                0x00000b23       0x34 C:/ST/STM32CubeIDE_1.12.1/STM32CubeIDE/plugins/com.st.stm32cube.ide.mcu.externaltools.gnu-tools-for-stm32.13.3.rel1.win32_1.0.0.202411081344/tools/bin/../lib/gcc/arm-none-eabi/13.3.1/../../../../arm-none-eabi/lib/thumb/v7e-m+fp/hard\libm.a(libm_a-k_sin.o)
 .ARM.attributes
                0x00000b57       0x34 C:/ST/STM32CubeIDE_1.12.1/STM32CubeIDE/plugins/com.st.stm32cube.ide.mcu.externaltools.gnu-tools-for-stm32.13.3.rel1.win32_1.0.0.202411081344/tools/bin/../lib/gcc/arm-none-eabi/13.3.1/../../../../arm-none-eabi/lib/thumb/v7e-m+fp/hard\libm.a(libm_a-e_rem_pio2.o)
 .ARM.attributes
                0x00000b8b       0x34 C:/ST/STM32CubeIDE_1.12.1/STM32CubeIDE/plugins/com.st.stm32cube.ide.mcu.externaltools.gnu-tools-for-stm32.13.3.rel1.win32_1.0.0.202411081344/tools/bin/../lib/gcc/arm-none-eabi/13.3.1/../../../../arm-none-eabi/lib/thumb/v7e-m+fp/hard\libm.a(libm_a-s_fabs.o)
 .ARM.attributes
                0x00000bbf       0x34 C:/ST/STM32CubeIDE_1.12.1/STM32CubeIDE/plugins/com.st.stm32cube.ide.mcu.externaltools.gnu-tools-for-stm32.13.3.rel1.win32_1.0.0.202411081344/tools/bin/../lib/gcc/arm-none-eabi/13.3.1/../../../../arm-none-eabi/lib/thumb/v7e-m+fp/hard\libm.a(libm_a-k_rem_pio2.o)
 .ARM.attributes
                0x00000bf3       0x34 C:/ST/STM32CubeIDE_1.12.1/STM32CubeIDE/plugins/com.st.stm32cube.ide.mcu.externaltools.gnu-tools-for-stm32.13.3.rel1.win32_1.0.0.202411081344/tools/bin/../lib/gcc/arm-none-eabi/13.3.1/../../../../arm-none-eabi/lib/thumb/v7e-m+fp/hard\libm.a(libm_a-s_scalbn.o)
 .ARM.attributes
                0x00000c27       0x34 C:/ST/STM32CubeIDE_1.12.1/STM32CubeIDE/plugins/com.st.stm32cube.ide.mcu.externaltools.gnu-tools-for-stm32.13.3.rel1.win32_1.0.0.202411081344/tools/bin/../lib/gcc/arm-none-eabi/13.3.1/../../../../arm-none-eabi/lib/thumb/v7e-m+fp/hard\libm.a(libm_a-s_floor.o)
 .ARM.attributes
                0x00000c5b       0x22 C:/ST/STM32CubeIDE_1.12.1/STM32CubeIDE/plugins/com.st.stm32cube.ide.mcu.externaltools.gnu-tools-for-stm32.13.3.rel1.win32_1.0.0.202411081344/tools/bin/../lib/gcc/arm-none-eabi/13.3.1/thumb/v7e-m+fp/hard\libgcc.a(_arm_addsubdf3.o)
 .ARM.attributes
                0x00000c7d       0x22 C:/ST/STM32CubeIDE_1.12.1/STM32CubeIDE/plugins/com.st.stm32cube.ide.mcu.externaltools.gnu-tools-for-stm32.13.3.rel1.win32_1.0.0.202411081344/tools/bin/../lib/gcc/arm-none-eabi/13.3.1/thumb/v7e-m+fp/hard\libgcc.a(_arm_muldivdf3.o)
 .ARM.attributes
                0x00000c9f       0x22 C:/ST/STM32CubeIDE_1.12.1/STM32CubeIDE/plugins/com.st.stm32cube.ide.mcu.externaltools.gnu-tools-for-stm32.13.3.rel1.win32_1.0.0.202411081344/tools/bin/../lib/gcc/arm-none-eabi/13.3.1/thumb/v7e-m+fp/hard\libgcc.a(_arm_cmpdf2.o)
 .ARM.attributes
                0x00000cc1       0x22 C:/ST/STM32CubeIDE_1.12.1/STM32CubeIDE/plugins/com.st.stm32cube.ide.mcu.externaltools.gnu-tools-for-stm32.13.3.rel1.win32_1.0.0.202411081344/tools/bin/../lib/gcc/arm-none-eabi/13.3.1/thumb/v7e-m+fp/hard\libgcc.a(_arm_fixdfsi.o)
 .ARM.attributes