../Core/Src/mgui.c:49:6:Display_DrawBitmap	32	static
../Core/Src/mgui.c:73:9:Display_Init	16	static
../Core/Src/mgui.c:101:6:Display_UpdateScreen	8	static
../Core/Src/mgui.c:106:6:Display_ToggleInvert	16	static
../Core/Src/mgui.c:120:6:Display_Fill	16	static
../Core/Src/mgui.c:126:6:Display_DrawPixel	16	static
../Core/Src/mgui.c:151:6:Display_GotoXY	16	static
../Core/Src/mgui.c:158:6:Display_Putc	32	static
../Core/Src/mgui.c:195:6:Display_Puts	24	static
../Core/Src/mgui.c:215:6:Display_DrawLine	40	static
../Core/Src/mgui.c:316:6:Display_DrawRectangle	32	static
../Core/Src/mgui.c:342:6:Display_DrawFilledRectangle	40	static
../Core/Src/mgui.c:371:6:Display_DrawTriangle	32	static
../Core/Src/mgui.c:379:6:Display_DrawFilledTriangle	64	static
../Core/Src/mgui.c:445:6:Display_DrawCircle	40	static
../Core/Src/mgui.c:482:6:Display_DrawFilledCircle	48	static
../Core/Src/mgui.c:516:6:Print_Float	56	static
../Core/Src/mgui.c:535:6:Display_Clear	8	static
